INFO:  latexindent version 4.0, 2026-03-15, a script to indent .tex files
       latexindent lives here: /usr/local/texlive/2026/texmf-dist/scripts/latexindent/
       Tue Oct  6 16:47:37 2026
       Filenames:
          declaration_of_originality.tex
          list_of_symbols.tex
          main.tex
          statement_on_generative_ai.tex
          table_of_abbreviations.tex
          title_page.tex
       total number of files: 6
INFO:  Processing switches:
       -w|--overwrite: Overwrite mode active, will make a back up before overwriting
INFO:  Directory for backup files and log file indent.log:
       .
INFO:  YAML settings read: defaultSettings.yaml
       Reading defaultSettings.yaml from /usr/local/texlive/2026/texmf-dist/scripts/latexindent/defaultSettings.yaml
INFO:  YAML reading settings
       Home directory is /Users/jonathan
       latexindent.pl didn't find indentconfig.yaml or .indentconfig.yaml
       see all possible locations: https://latexindentpl.readthedocs.io/en/latest/sec-appendices.html#indentconfig-options
INFO:  Filename: declaration_of_originality.tex (1 of 6)
INFO:  Backup procedure (-w flag active):
       ./declaration_of_originality.bak0 already exists, incrementing by 1 (see maxNumberOfBackUps)
       ./declaration_of_originality.bak1 already exists, incrementing by 1 (see maxNumberOfBackUps)
       ./declaration_of_originality.bak2 already exists, incrementing by 1 (see maxNumberOfBackUps)
       ./declaration_of_originality.bak3 already exists, incrementing by 1 (see maxNumberOfBackUps)
       ./declaration_of_originality.bak4 already exists, incrementing by 1 (see maxNumberOfBackUps)
       ./declaration_of_originality.bak5 already exists, incrementing by 1 (see maxNumberOfBackUps)
       ./declaration_of_originality.bak6 already exists, incrementing by 1 (see maxNumberOfBackUps)
       ./declaration_of_originality.bak7 already exists, incrementing by 1 (see maxNumberOfBackUps)
       ./declaration_of_originality.bak8 already exists, incrementing by 1 (see maxNumberOfBackUps)
       ./declaration_of_originality.bak9 already exists, incrementing by 1 (see maxNumberOfBackUps)
       ./declaration_of_originality.bak10 already exists, incrementing by 1 (see maxNumberOfBackUps)
       ./declaration_of_originality.bak11 already exists, incrementing by 1 (see maxNumberOfBackUps)
       ./declaration_of_originality.bak12 already exists, incrementing by 1 (see maxNumberOfBackUps)
       ./declaration_of_originality.bak13 already exists, incrementing by 1 (see maxNumberOfBackUps)
       ./declaration_of_originality.bak14 already exists, incrementing by 1 (see maxNumberOfBackUps)
       ./declaration_of_originality.bak15 already exists, incrementing by 1 (see maxNumberOfBackUps)
       ./declaration_of_originality.bak16 already exists, incrementing by 1 (see maxNumberOfBackUps)
       ./declaration_of_originality.bak17 already exists, incrementing by 1 (see maxNumberOfBackUps)
       ./declaration_of_originality.bak18 already exists, incrementing by 1 (see maxNumberOfBackUps)
       ./declaration_of_originality.bak19 already exists, incrementing by 1 (see maxNumberOfBackUps)
       ./declaration_of_originality.bak20 already exists, incrementing by 1 (see maxNumberOfBackUps)
       ./declaration_of_originality.bak21 already exists, incrementing by 1 (see maxNumberOfBackUps)
       ./declaration_of_originality.bak22 already exists, incrementing by 1 (see maxNumberOfBackUps)
       ./declaration_of_originality.bak23 already exists, incrementing by 1 (see maxNumberOfBackUps)
       ./declaration_of_originality.bak24 already exists, incrementing by 1 (see maxNumberOfBackUps)
       ./declaration_of_originality.bak25 already exists, incrementing by 1 (see maxNumberOfBackUps)
       ./declaration_of_originality.bak26 already exists, incrementing by 1 (see maxNumberOfBackUps)
       ./declaration_of_originality.bak27 already exists, incrementing by 1 (see maxNumberOfBackUps)
       ./declaration_of_originality.bak28 already exists, incrementing by 1 (see maxNumberOfBackUps)
       ./declaration_of_originality.bak29 already exists, incrementing by 1 (see maxNumberOfBackUps)
       ./declaration_of_originality.bak30 already exists, incrementing by 1 (see maxNumberOfBackUps)
       ./declaration_of_originality.bak31 already exists, incrementing by 1 (see maxNumberOfBackUps)
       ./declaration_of_originality.bak32 already exists, incrementing by 1 (see maxNumberOfBackUps)
       ./declaration_of_originality.bak33 already exists, incrementing by 1 (see maxNumberOfBackUps)
       ./declaration_of_originality.bak34 already exists, incrementing by 1 (see maxNumberOfBackUps)
       ./declaration_of_originality.bak35 already exists, incrementing by 1 (see maxNumberOfBackUps)
       ./declaration_of_originality.bak36 already exists, incrementing by 1 (see maxNumberOfBackUps)
       ./declaration_of_originality.bak37 already exists, incrementing by 1 (see maxNumberOfBackUps)
       ./declaration_of_originality.bak38 already exists, incrementing by 1 (see maxNumberOfBackUps)
       ./declaration_of_originality.bak39 already exists, incrementing by 1 (see maxNumberOfBackUps)
       ./declaration_of_originality.bak40 already exists, incrementing by 1 (see maxNumberOfBackUps)
       ./declaration_of_originality.bak41 already exists, incrementing by 1 (see maxNumberOfBackUps)
       ./declaration_of_originality.bak42 already exists, incrementing by 1 (see maxNumberOfBackUps)
       ./declaration_of_originality.bak43 already exists, incrementing by 1 (see maxNumberOfBackUps)
       ./declaration_of_originality.bak44 already exists, incrementing by 1 (see maxNumberOfBackUps)
       ./declaration_of_originality.bak45 already exists, incrementing by 1 (see maxNumberOfBackUps)
       ./declaration_of_originality.bak46 already exists, incrementing by 1 (see maxNumberOfBackUps)
       ./declaration_of_originality.bak47 already exists, incrementing by 1 (see maxNumberOfBackUps)
       ./declaration_of_originality.bak48 already exists, incrementing by 1 (see maxNumberOfBackUps)
       ./declaration_of_originality.bak49 already exists, incrementing by 1 (see maxNumberOfBackUps)
       ./declaration_of_originality.bak50 already exists, incrementing by 1 (see maxNumberOfBackUps)
       ./declaration_of_originality.bak51 already exists, incrementing by 1 (see maxNumberOfBackUps)
       ./declaration_of_originality.bak52 already exists, incrementing by 1 (see maxNumberOfBackUps)
       ./declaration_of_originality.bak53 already exists, incrementing by 1 (see maxNumberOfBackUps)
       ./declaration_of_originality.bak54 already exists, incrementing by 1 (see maxNumberOfBackUps)
       ./declaration_of_originality.bak55 already exists, incrementing by 1 (see maxNumberOfBackUps)
       ./declaration_of_originality.bak56 already exists, incrementing by 1 (see maxNumberOfBackUps)
       ./declaration_of_originality.bak57 already exists, incrementing by 1 (see maxNumberOfBackUps)
       ./declaration_of_originality.bak58 already exists, incrementing by 1 (see maxNumberOfBackUps)
       ./declaration_of_originality.bak59 already exists, incrementing by 1 (see maxNumberOfBackUps)
       ./declaration_of_originality.bak60 already exists, incrementing by 1 (see maxNumberOfBackUps)
       ./declaration_of_originality.bak61 already exists, incrementing by 1 (see maxNumberOfBackUps)
       ./declaration_of_originality.bak62 already exists, incrementing by 1 (see maxNumberOfBackUps)
       ./declaration_of_originality.bak63 already exists, incrementing by 1 (see maxNumberOfBackUps)
       ./declaration_of_originality.bak64 already exists, incrementing by 1 (see maxNumberOfBackUps)
       ./declaration_of_originality.bak65 already exists, incrementing by 1 (see maxNumberOfBackUps)
       ./declaration_of_originality.bak66 already exists, incrementing by 1 (see maxNumberOfBackUps)
       ./declaration_of_originality.bak67 already exists, incrementing by 1 (see maxNumberOfBackUps)
       ./declaration_of_originality.bak68 already exists, incrementing by 1 (see maxNumberOfBackUps)
       ./declaration_of_originality.bak69 already exists, incrementing by 1 (see maxNumberOfBackUps)
       ./declaration_of_originality.bak70 already exists, incrementing by 1 (see maxNumberOfBackUps)
       ./declaration_of_originality.bak71 already exists, incrementing by 1 (see maxNumberOfBackUps)
       ./declaration_of_originality.bak72 already exists, incrementing by 1 (see maxNumberOfBackUps)
       ./declaration_of_originality.bak73 already exists, incrementing by 1 (see maxNumberOfBackUps)
       ./declaration_of_originality.bak74 already exists, incrementing by 1 (see maxNumberOfBackUps)
       ./declaration_of_originality.bak75 already exists, incrementing by 1 (see maxNumberOfBackUps)
       ./declaration_of_originality.bak76 already exists, incrementing by 1 (see maxNumberOfBackUps)
       ./declaration_of_originality.bak77 already exists, incrementing by 1 (see maxNumberOfBackUps)
       ./declaration_of_originality.bak78 already exists, incrementing by 1 (see maxNumberOfBackUps)
       ./declaration_of_originality.bak79 already exists, incrementing by 1 (see maxNumberOfBackUps)
       ./declaration_of_originality.bak80 already exists, incrementing by 1 (see maxNumberOfBackUps)
       ./declaration_of_originality.bak81 already exists, incrementing by 1 (see maxNumberOfBackUps)
       ./declaration_of_originality.bak82 already exists, incrementing by 1 (see maxNumberOfBackUps)
       ./declaration_of_originality.bak83 already exists, incrementing by 1 (see maxNumberOfBackUps)
       ./declaration_of_originality.bak84 already exists, incrementing by 1 (see maxNumberOfBackUps)
       ./declaration_of_originality.bak85 already exists, incrementing by 1 (see maxNumberOfBackUps)
       ./declaration_of_originality.bak86 already exists, incrementing by 1 (see maxNumberOfBackUps)
       ./declaration_of_originality.bak87 already exists, incrementing by 1 (see maxNumberOfBackUps)
       ./declaration_of_originality.bak88 already exists, incrementing by 1 (see maxNumberOfBackUps)
       Backing up declaration_of_originality.tex to ./declaration_of_originality.bak89...
       declaration_of_originality.tex will be overwritten after indentation
INFO:  Output routine:
       Overwriting file declaration_of_originality.tex
INFO:  Filename: list_of_symbols.tex (2 of 6)
INFO:  Backup procedure (-w flag active):
       ./list_of_symbols.bak0 already exists, incrementing by 1 (see maxNumberOfBackUps)
       ./list_of_symbols.bak1 already exists, incrementing by 1 (see maxNumberOfBackUps)
       ./list_of_symbols.bak2 already exists, incrementing by 1 (see maxNumberOfBackUps)
       ./list_of_symbols.bak3 already exists, incrementing by 1 (see maxNumberOfBackUps)
       ./list_of_symbols.bak4 already exists, incrementing by 1 (see maxNumberOfBackUps)
       ./list_of_symbols.bak5 already exists, incrementing by 1 (see maxNumberOfBackUps)
       ./list_of_symbols.bak6 already exists, incrementing by 1 (see maxNumberOfBackUps)
       ./list_of_symbols.bak7 already exists, incrementing by 1 (see maxNumberOfBackUps)
       ./list_of_symbols.bak8 already exists, incrementing by 1 (see maxNumberOfBackUps)
       ./list_of_symbols.bak9 already exists, incrementing by 1 (see maxNumberOfBackUps)
       ./list_of_symbols.bak10 already exists, incrementing by 1 (see maxNumberOfBackUps)
       ./list_of_symbols.bak11 already exists, incrementing by 1 (see maxNumberOfBackUps)
       ./list_of_symbols.bak12 already exists, incrementing by 1 (see maxNumberOfBackUps)
       ./list_of_symbols.bak13 already exists, incrementing by 1 (see maxNumberOfBackUps)
       ./list_of_symbols.bak14 already exists, incrementing by 1 (see maxNumberOfBackUps)
       ./list_of_symbols.bak15 already exists, incrementing by 1 (see maxNumberOfBackUps)
       ./list_of_symbols.bak16 already exists, incrementing by 1 (see maxNumberOfBackUps)
       ./list_of_symbols.bak17 already exists, incrementing by 1 (see maxNumberOfBackUps)
       ./list_of_symbols.bak18 already exists, incrementing by 1 (see maxNumberOfBackUps)
       ./list_of_symbols.bak19 already exists, incrementing by 1 (see maxNumberOfBackUps)
       ./list_of_symbols.bak20 already exists, incrementing by 1 (see maxNumberOfBackUps)
       ./list_of_symbols.bak21 already exists, incrementing by 1 (see maxNumberOfBackUps)
       ./list_of_symbols.bak22 already exists, incrementing by 1 (see maxNumberOfBackUps)
       ./list_of_symbols.bak23 already exists, incrementing by 1 (see maxNumberOfBackUps)
       ./list_of_symbols.bak24 already exists, incrementing by 1 (see maxNumberOfBackUps)
       ./list_of_symbols.bak25 already exists, incrementing by 1 (see maxNumberOfBackUps)
       ./list_of_symbols.bak26 already exists, incrementing by 1 (see maxNumberOfBackUps)
       ./list_of_symbols.bak27 already exists, incrementing by 1 (see maxNumberOfBackUps)
       ./list_of_symbols.bak28 already exists, incrementing by 1 (see maxNumberOfBackUps)
       ./list_of_symbols.bak29 already exists, incrementing by 1 (see maxNumberOfBackUps)
       ./list_of_symbols.bak30 already exists, incrementing by 1 (see maxNumberOfBackUps)
       ./list_of_symbols.bak31 already exists, incrementing by 1 (see maxNumberOfBackUps)
       ./list_of_symbols.bak32 already exists, incrementing by 1 (see maxNumberOfBackUps)
       ./list_of_symbols.bak33 already exists, incrementing by 1 (see maxNumberOfBackUps)
       ./list_of_symbols.bak34 already exists, incrementing by 1 (see maxNumberOfBackUps)
       ./list_of_symbols.bak35 already exists, incrementing by 1 (see maxNumberOfBackUps)
       ./list_of_symbols.bak36 already exists, incrementing by 1 (see maxNumberOfBackUps)
       ./list_of_symbols.bak37 already exists, incrementing by 1 (see maxNumberOfBackUps)
       ./list_of_symbols.bak38 already exists, incrementing by 1 (see maxNumberOfBackUps)
       ./list_of_symbols.bak39 already exists, incrementing by 1 (see maxNumberOfBackUps)
       ./list_of_symbols.bak40 already exists, incrementing by 1 (see maxNumberOfBackUps)
       ./list_of_symbols.bak41 already exists, incrementing by 1 (see maxNumberOfBackUps)
       ./list_of_symbols.bak42 already exists, incrementing by 1 (see maxNumberOfBackUps)
       ./list_of_symbols.bak43 already exists, incrementing by 1 (see maxNumberOfBackUps)
       ./list_of_symbols.bak44 already exists, incrementing by 1 (see maxNumberOfBackUps)
       ./list_of_symbols.bak45 already exists, incrementing by 1 (see maxNumberOfBackUps)
       ./list_of_symbols.bak46 already exists, incrementing by 1 (see maxNumberOfBackUps)
       ./list_of_symbols.bak47 already exists, incrementing by 1 (see maxNumberOfBackUps)
       ./list_of_symbols.bak48 already exists, incrementing by 1 (see maxNumberOfBackUps)
       ./list_of_symbols.bak49 already exists, incrementing by 1 (see maxNumberOfBackUps)
       ./list_of_symbols.bak50 already exists, incrementing by 1 (see maxNumberOfBackUps)
       ./list_of_symbols.bak51 already exists, incrementing by 1 (see maxNumberOfBackUps)
       ./list_of_symbols.bak52 already exists, incrementing by 1 (see maxNumberOfBackUps)
       ./list_of_symbols.bak53 already exists, incrementing by 1 (see maxNumberOfBackUps)
       ./list_of_symbols.bak54 already exists, incrementing by 1 (see maxNumberOfBackUps)
       ./list_of_symbols.bak55 already exists, incrementing by 1 (see maxNumberOfBackUps)
       ./list_of_symbols.bak56 already exists, incrementing by 1 (see maxNumberOfBackUps)
       ./list_of_symbols.bak57 already exists, incrementing by 1 (see maxNumberOfBackUps)
       ./list_of_symbols.bak58 already exists, incrementing by 1 (see maxNumberOfBackUps)
       ./list_of_symbols.bak59 already exists, incrementing by 1 (see maxNumberOfBackUps)
       ./list_of_symbols.bak60 already exists, incrementing by 1 (see maxNumberOfBackUps)
       ./list_of_symbols.bak61 already exists, incrementing by 1 (see maxNumberOfBackUps)
       ./list_of_symbols.bak62 already exists, incrementing by 1 (see maxNumberOfBackUps)
       ./list_of_symbols.bak63 already exists, incrementing by 1 (see maxNumberOfBackUps)
       ./list_of_symbols.bak64 already exists, incrementing by 1 (see maxNumberOfBackUps)
       ./list_of_symbols.bak65 already exists, incrementing by 1 (see maxNumberOfBackUps)
       ./list_of_symbols.bak66 already exists, incrementing by 1 (see maxNumberOfBackUps)
       ./list_of_symbols.bak67 already exists, incrementing by 1 (see maxNumberOfBackUps)
       ./list_of_symbols.bak68 already exists, incrementing by 1 (see maxNumberOfBackUps)
       ./list_of_symbols.bak69 already exists, incrementing by 1 (see maxNumberOfBackUps)
       ./list_of_symbols.bak70 already exists, incrementing by 1 (see maxNumberOfBackUps)
       ./list_of_symbols.bak71 already exists, incrementing by 1 (see maxNumberOfBackUps)
       ./list_of_symbols.bak72 already exists, incrementing by 1 (see maxNumberOfBackUps)
       ./list_of_symbols.bak73 already exists, incrementing by 1 (see maxNumberOfBackUps)
       ./list_of_symbols.bak74 already exists, incrementing by 1 (see maxNumberOfBackUps)
       ./list_of_symbols.bak75 already exists, incrementing by 1 (see maxNumberOfBackUps)
       ./list_of_symbols.bak76 already exists, incrementing by 1 (see maxNumberOfBackUps)
       ./list_of_symbols.bak77 already exists, incrementing by 1 (see maxNumberOfBackUps)
       ./list_of_symbols.bak78 already exists, incrementing by 1 (see maxNumberOfBackUps)
       ./list_of_symbols.bak79 already exists, incrementing by 1 (see maxNumberOfBackUps)
       ./list_of_symbols.bak80 already exists, incrementing by 1 (see maxNumberOfBackUps)
       ./list_of_symbols.bak81 already exists, incrementing by 1 (see maxNumberOfBackUps)
       ./list_of_symbols.bak82 already exists, incrementing by 1 (see maxNumberOfBackUps)
       ./list_of_symbols.bak83 already exists, incrementing by 1 (see maxNumberOfBackUps)
       ./list_of_symbols.bak84 already exists, incrementing by 1 (see maxNumberOfBackUps)
       ./list_of_symbols.bak85 already exists, incrementing by 1 (see maxNumberOfBackUps)
       ./list_of_symbols.bak86 already exists, incrementing by 1 (see maxNumberOfBackUps)
       ./list_of_symbols.bak87 already exists, incrementing by 1 (see maxNumberOfBackUps)
       Backing up list_of_symbols.tex to ./list_of_symbols.bak88...
       list_of_symbols.tex will be overwritten after indentation
INFO:  Output routine:
       Overwriting file list_of_symbols.tex
INFO:  Filename: main.tex (3 of 6)
INFO:  Backup procedure (-w flag active):
       ./main.bak0 already exists, incrementing by 1 (see maxNumberOfBackUps)
       ./main.bak1 already exists, incrementing by 1 (see maxNumberOfBackUps)
       ./main.bak2 already exists, incrementing by 1 (see maxNumberOfBackUps)
       ./main.bak3 already exists, incrementing by 1 (see maxNumberOfBackUps)
       ./main.bak4 already exists, incrementing by 1 (see maxNumberOfBackUps)
       ./main.bak5 already exists, incrementing by 1 (see maxNumberOfBackUps)
       ./main.bak6 already exists, incrementing by 1 (see maxNumberOfBackUps)
       ./main.bak7 already exists, incrementing by 1 (see maxNumberOfBackUps)
       ./main.bak8 already exists, incrementing by 1 (see maxNumberOfBackUps)
       ./main.bak9 already exists, incrementing by 1 (see maxNumberOfBackUps)
       ./main.bak10 already exists, incrementing by 1 (see maxNumberOfBackUps)
       ./main.bak11 already exists, incrementing by 1 (see maxNumberOfBackUps)
       ./main.bak12 already exists, incrementing by 1 (see maxNumberOfBackUps)
       ./main.bak13 already exists, incrementing by 1 (see maxNumberOfBackUps)
       ./main.bak14 already exists, incrementing by 1 (see maxNumberOfBackUps)
       ./main.bak15 already exists, incrementing by 1 (see maxNumberOfBackUps)
       ./main.bak16 already exists, incrementing by 1 (see maxNumberOfBackUps)
       ./main.bak17 already exists, incrementing by 1 (see maxNumberOfBackUps)
       ./main.bak18 already exists, incrementing by 1 (see maxNumberOfBackUps)
       ./main.bak19 already exists, incrementing by 1 (see maxNumberOfBackUps)
       ./main.bak20 already exists, incrementing by 1 (see maxNumberOfBackUps)
       ./main.bak21 already exists, incrementing by 1 (see maxNumberOfBackUps)
       ./main.bak22 already exists, incrementing by 1 (see maxNumberOfBackUps)
       ./main.bak23 already exists, incrementing by 1 (see maxNumberOfBackUps)
       ./main.bak24 already exists, incrementing by 1 (see maxNumberOfBackUps)
       ./main.bak25 already exists, incrementing by 1 (see maxNumberOfBackUps)
       ./main.bak26 already exists, incrementing by 1 (see maxNumberOfBackUps)
       ./main.bak27 already exists, incrementing by 1 (see maxNumberOfBackUps)
       ./main.bak28 already exists, incrementing by 1 (see maxNumberOfBackUps)
       ./main.bak29 already exists, incrementing by 1 (see maxNumberOfBackUps)
       ./main.bak30 already exists, incrementing by 1 (see maxNumberOfBackUps)
       ./main.bak31 already exists, incrementing by 1 (see maxNumberOfBackUps)
       ./main.bak32 already exists, incrementing by 1 (see maxNumberOfBackUps)
       ./main.bak33 already exists, incrementing by 1 (see maxNumberOfBackUps)
       ./main.bak34 already exists, incrementing by 1 (see maxNumberOfBackUps)
       ./main.bak35 already exists, incrementing by 1 (see maxNumberOfBackUps)
       ./main.bak36 already exists, incrementing by 1 (see maxNumberOfBackUps)
       ./main.bak37 already exists, incrementing by 1 (see maxNumberOfBackUps)
       ./main.bak38 already exists, incrementing by 1 (see maxNumberOfBackUps)
       ./main.bak39 already exists, incrementing by 1 (see maxNumberOfBackUps)
       ./main.bak40 already exists, incrementing by 1 (see maxNumberOfBackUps)
       ./main.bak41 already exists, incrementing by 1 (see maxNumberOfBackUps)
       ./main.bak42 already exists, incrementing by 1 (see maxNumberOfBackUps)
       ./main.bak43 already exists, incrementing by 1 (see maxNumberOfBackUps)
       ./main.bak44 already exists, incrementing by 1 (see maxNumberOfBackUps)
       ./main.bak45 already exists, incrementing by 1 (see maxNumberOfBackUps)
       ./main.bak46 already exists, incrementing by 1 (see maxNumberOfBackUps)
       ./main.bak47 already exists, incrementing by 1 (see maxNumberOfBackUps)
       ./main.bak48 already exists, incrementing by 1 (see maxNumberOfBackUps)
       ./main.bak49 already exists, incrementing by 1 (see maxNumberOfBackUps)
       ./main.bak50 already exists, incrementing by 1 (see maxNumberOfBackUps)
       ./main.bak51 already exists, incrementing by 1 (see maxNumberOfBackUps)
       ./main.bak52 already exists, incrementing by 1 (see maxNumberOfBackUps)
       ./main.bak53 already exists, incrementing by 1 (see maxNumberOfBackUps)
       ./main.bak54 already exists, incrementing by 1 (see maxNumberOfBackUps)
       ./main.bak55 already exists, incrementing by 1 (see maxNumberOfBackUps)
       ./main.bak56 already exists, incrementing by 1 (see maxNumberOfBackUps)
       ./main.bak57 already exists, incrementing by 1 (see maxNumberOfBackUps)
       ./main.bak58 already exists, incrementing by 1 (see maxNumberOfBackUps)
       ./main.bak59 already exists, incrementing by 1 (see maxNumberOfBackUps)
       ./main.bak60 already exists, incrementing by 1 (see maxNumberOfBackUps)
       ./main.bak61 already exists, incrementing by 1 (see maxNumberOfBackUps)
       ./main.bak62 already exists, incrementing by 1 (see maxNumberOfBackUps)
       ./main.bak63 already exists, incrementing by 1 (see maxNumberOfBackUps)
       ./main.bak64 already exists, incrementing by 1 (see maxNumberOfBackUps)
       ./main.bak65 already exists, incrementing by 1 (see maxNumberOfBackUps)
       ./main.bak66 already exists, incrementing by 1 (see maxNumberOfBackUps)
       ./main.bak67 already exists, incrementing by 1 (see maxNumberOfBackUps)
       ./main.bak68 already exists, incrementing by 1 (see maxNumberOfBackUps)
       ./main.bak69 already exists, incrementing by 1 (see maxNumberOfBackUps)
       ./main.bak70 already exists, incrementing by 1 (see maxNumberOfBackUps)
       ./main.bak71 already exists, incrementing by 1 (see maxNumberOfBackUps)
       ./main.bak72 already exists, incrementing by 1 (see maxNumberOfBackUps)
       ./main.bak73 already exists, incrementing by 1 (see maxNumberOfBackUps)
       ./main.bak74 already exists, incrementing by 1 (see maxNumberOfBackUps)
       ./main.bak75 already exists, incrementing by 1 (see maxNumberOfBackUps)
       ./main.bak76 already exists, incrementing by 1 (see maxNumberOfBackUps)
       ./main.bak77 already exists, incrementing by 1 (see maxNumberOfBackUps)
       ./main.bak78 already exists, incrementing by 1 (see maxNumberOfBackUps)
       ./main.bak79 already exists, incrementing by 1 (see maxNumberOfBackUps)
       ./main.bak80 already exists, incrementing by 1 (see maxNumberOfBackUps)
       ./main.bak81 already exists, incrementing by 1 (see maxNumberOfBackUps)
       ./main.bak82 already exists, incrementing by 1 (see maxNumberOfBackUps)
       ./main.bak83 already exists, incrementing by 1 (see maxNumberOfBackUps)
       ./main.bak84 already exists, incrementing by 1 (see maxNumberOfBackUps)
       ./main.bak85 already exists, incrementing by 1 (see maxNumberOfBackUps)
       ./main.bak86 already exists, incrementing by 1 (see maxNumberOfBackUps)
       Backing up main.tex to ./main.bak87...
       main.tex will be overwritten after indentation
INFO:  Output routine:
       Overwriting file main.tex
INFO:  Filename: statement_on_generative_ai.tex (4 of 6)
INFO:  Backup procedure (-w flag active):
       ./statement_on_generative_ai.bak0 already exists, incrementing by 1 (see maxNumberOfBackUps)
       ./statement_on_generative_ai.bak1 already exists, incrementing by 1 (see maxNumberOfBackUps)
       ./statement_on_generative_ai.bak2 already exists, incrementing by 1 (see maxNumberOfBackUps)
       ./statement_on_generative_ai.bak3 already exists, incrementing by 1 (see maxNumberOfBackUps)
       ./statement_on_generative_ai.bak4 already exists, incrementing by 1 (see maxNumberOfBackUps)
       ./statement_on_generative_ai.bak5 already exists, incrementing by 1 (see maxNumberOfBackUps)
       ./statement_on_generative_ai.bak6 already exists, incrementing by 1 (see maxNumberOfBackUps)
       ./statement_on_generative_ai.bak7 already exists, incrementing by 1 (see maxNumberOfBackUps)
       ./statement_on_generative_ai.bak8 already exists, incrementing by 1 (see maxNumberOfBackUps)
       ./statement_on_generative_ai.bak9 already exists, incrementing by 1 (see maxNumberOfBackUps)
       ./statement_on_generative_ai.bak10 already exists, incrementing by 1 (see maxNumberOfBackUps)
       ./statement_on_generative_ai.bak11 already exists, incrementing by 1 (see maxNumberOfBackUps)
       ./statement_on_generative_ai.bak12 already exists, incrementing by 1 (see maxNumberOfBackUps)
       ./statement_on_generative_ai.bak13 already exists, incrementing by 1 (see maxNumberOfBackUps)
       ./statement_on_generative_ai.bak14 already exists, incrementing by 1 (see maxNumberOfBackUps)
       ./statement_on_generative_ai.bak15 already exists, incrementing by 1 (see maxNumberOfBackUps)
       ./statement_on_generative_ai.bak16 already exists, incrementing by 1 (see maxNumberOfBackUps)
       ./statement_on_generative_ai.bak17 already exists, incrementing by 1 (see maxNumberOfBackUps)
       ./statement_on_generative_ai.bak18 already exists, incrementing by 1 (see maxNumberOfBackUps)
       ./statement_on_generative_ai.bak19 already exists, incrementing by 1 (see maxNumberOfBackUps)
       ./statement_on_generative_ai.bak20 already exists, incrementing by 1 (see maxNumberOfBackUps)
       ./statement_on_generative_ai.bak21 already exists, incrementing by 1 (see maxNumberOfBackUps)
       ./statement_on_generative_ai.bak22 already exists, incrementing by 1 (see maxNumberOfBackUps)
       ./statement_on_generative_ai.bak23 already exists, incrementing by 1 (see maxNumberOfBackUps)
       ./statement_on_generative_ai.bak24 already exists, incrementing by 1 (see maxNumberOfBackUps)
       ./statement_on_generative_ai.bak25 already exists, incrementing by 1 (see maxNumberOfBackUps)
       ./statement_on_generative_ai.bak26 already exists, incrementing by 1 (see maxNumberOfBackUps)
       ./statement_on_generative_ai.bak27 already exists, incrementing by 1 (see maxNumberOfBackUps)
       ./statement_on_generative_ai.bak28 already exists, incrementing by 1 (see maxNumberOfBackUps)
       ./statement_on_generative_ai.bak29 already exists, incrementing by 1 (see maxNumberOfBackUps)
       ./statement_on_generative_ai.bak30 already exists, incrementing by 1 (see maxNumberOfBackUps)
       ./statement_on_generative_ai.bak31 already exists, incrementing by 1 (see maxNumberOfBackUps)
       ./statement_on_generative_ai.bak32 already exists, incrementing by 1 (see maxNumberOfBackUps)
       ./statement_on_generative_ai.bak33 already exists, incrementing by 1 (see maxNumberOfBackUps)
       ./statement_on_generative_ai.bak34 already exists, incrementing by 1 (see maxNumberOfBackUps)
       ./statement_on_generative_ai.bak35 already exists, incrementing by 1 (see maxNumberOfBackUps)
       ./statement_on_generative_ai.bak36 already exists, incrementing by 1 (see maxNumberOfBackUps)
       ./statement_on_generative_ai.bak37 already exists, incrementing by 1 (see maxNumberOfBackUps)
       ./statement_on_generative_ai.bak38 already exists, incrementing by 1 (see maxNumberOfBackUps)
       ./statement_on_generative_ai.bak39 already exists, incrementing by 1 (see maxNumberOfBackUps)
       ./statement_on_generative_ai.bak40 already exists, incrementing by 1 (see maxNumberOfBackUps)
       ./statement_on_generative_ai.bak41 already exists, incrementing by 1 (see maxNumberOfBackUps)
       ./statement_on_generative_ai.bak42 already exists, incrementing by 1 (see maxNumberOfBackUps)
       ./statement_on_generative_ai.bak43 already exists, incrementing by 1 (see maxNumberOfBackUps)
       ./statement_on_generative_ai.bak44 already exists, incrementing by 1 (see maxNumberOfBackUps)
       ./statement_on_generative_ai.bak45 already exists, incrementing by 1 (see maxNumberOfBackUps)
       ./statement_on_generative_ai.bak46 already exists, incrementing by 1 (see maxNumberOfBackUps)
       ./statement_on_generative_ai.bak47 already exists, incrementing by 1 (see maxNumberOfBackUps)
       ./statement_on_generative_ai.bak48 already exists, incrementing by 1 (see maxNumberOfBackUps)
       ./statement_on_generative_ai.bak49 already exists, incrementing by 1 (see maxNumberOfBackUps)
       ./statement_on_generative_ai.bak50 already exists, incrementing by 1 (see maxNumberOfBackUps)
       ./statement_on_generative_ai.bak51 already exists, incrementing by 1 (see maxNumberOfBackUps)
       ./statement_on_generative_ai.bak52 already exists, incrementing by 1 (see maxNumberOfBackUps)
       ./statement_on_generative_ai.bak53 already exists, incrementing by 1 (see maxNumberOfBackUps)
       ./statement_on_generative_ai.bak54 already exists, incrementing by 1 (see maxNumberOfBackUps)
       ./statement_on_generative_ai.bak55 already exists, incrementing by 1 (see maxNumberOfBackUps)
       ./statement_on_generative_ai.bak56 already exists, incrementing by 1 (see maxNumberOfBackUps)
       ./statement_on_generative_ai.bak57 already exists, incrementing by 1 (see maxNumberOfBackUps)
       ./statement_on_generative_ai.bak58 already exists, incrementing by 1 (see maxNumberOfBackUps)
       ./statement_on_generative_ai.bak59 already exists, incrementing by 1 (see maxNumberOfBackUps)
       ./statement_on_generative_ai.bak60 already exists, incrementing by 1 (see maxNumberOfBackUps)
       ./statement_on_generative_ai.bak61 already exists, incrementing by 1 (see maxNumberOfBackUps)
       ./statement_on_generative_ai.bak62 already exists, incrementing by 1 (see maxNumberOfBackUps)
       ./statement_on_generative_ai.bak63 already exists, incrementing by 1 (see maxNumberOfBackUps)
       ./statement_on_generative_ai.bak64 already exists, incrementing by 1 (see maxNumberOfBackUps)
       ./statement_on_generative_ai.bak65 already exists, incrementing by 1 (see maxNumberOfBackUps)
       ./statement_on_generative_ai.bak66 already exists, incrementing by 1 (see maxNumberOfBackUps)
       ./statement_on_generative_ai.bak67 already exists, incrementing by 1 (see maxNumberOfBackUps)
       ./statement_on_generative_ai.bak68 already exists, incrementing by 1 (see maxNumberOfBackUps)
       Backing up statement_on_generative_ai.tex to ./statement_on_generative_ai.bak69...
       statement_on_generative_ai.tex will be overwritten after indentation
INFO:  Output routine:
       Overwriting file statement_on_generative_ai.tex
INFO:  Filename: table_of_abbreviations.tex (5 of 6)
INFO:  Backup procedure (-w flag active):
       ./table_of_abbreviations.bak0 already exists, incrementing by 1 (see maxNumberOfBackUps)
       ./table_of_abbreviations.bak1 already exists, incrementing by 1 (see maxNumberOfBackUps)
       ./table_of_abbreviations.bak2 already exists, incrementing by 1 (see maxNumberOfBackUps)
       ./table_of_abbreviations.bak3 already exists, incrementing by 1 (see maxNumberOfBackUps)
       ./table_of_abbreviations.bak4 already exists, incrementing by 1 (see maxNumberOfBackUps)
       ./table_of_abbreviations.bak5 already exists, incrementing by 1 (see maxNumberOfBackUps)
       ./table_of_abbreviations.bak6 already exists, incrementing by 1 (see maxNumberOfBackUps)
       ./table_of_abbreviations.bak7 already exists, incrementing by 1 (see maxNumberOfBackUps)
       ./table_of_abbreviations.bak8 already exists, incrementing by 1 (see maxNumberOfBackUps)
       ./table_of_abbreviations.bak9 already exists, incrementing by 1 (see maxNumberOfBackUps)
       ./table_of_abbreviations.bak10 already exists, incrementing by 1 (see maxNumberOfBackUps)
       ./table_of_abbreviations.bak11 already exists, incrementing by 1 (see maxNumberOfBackUps)
       ./table_of_abbreviations.bak12 already exists, incrementing by 1 (see maxNumberOfBackUps)
       Backing up table_of_abbreviations.tex to ./table_of_abbreviations.bak13...
       table_of_abbreviations.tex will be overwritten after indentation
INFO:  Output routine:
       Overwriting file table_of_abbreviations.tex
INFO:  Filename: title_page.tex (6 of 6)
INFO:  Backup procedure (-w flag active):
       ./title_page.bak0 already exists, incrementing by 1 (see maxNumberOfBackUps)
       ./title_page.bak1 already exists, incrementing by 1 (see maxNumberOfBackUps)
       ./title_page.bak2 already exists, incrementing by 1 (see maxNumberOfBackUps)
       ./title_page.bak3 already exists, incrementing by 1 (see maxNumberOfBackUps)
       ./title_page.bak4 already exists, incrementing by 1 (see maxNumberOfBackUps)
       ./title_page.bak5 already exists, incrementing by 1 (see maxNumberOfBackUps)
       ./title_page.bak6 already exists, incrementing by 1 (see maxNumberOfBackUps)
       ./title_page.bak7 already exists, incrementing by 1 (see maxNumberOfBackUps)
       ./title_page.bak8 already exists, incrementing by 1 (see maxNumberOfBackUps)
       ./title_page.bak9 already exists, incrementing by 1 (see maxNumberOfBackUps)
       ./title_page.bak10 already exists, incrementing by 1 (see maxNumberOfBackUps)
       ./title_page.bak11 already exists, incrementing by 1 (see maxNumberOfBackUps)
       ./title_page.bak12 already exists, incrementing by 1 (see maxNumberOfBackUps)
       ./title_page.bak13 already exists, incrementing by 1 (see maxNumberOfBackUps)
       ./title_page.bak14 already exists, incrementing by 1 (see maxNumberOfBackUps)
       ./title_page.bak15 already exists, incrementing by 1 (see maxNumberOfBackUps)
       ./title_page.bak16 already exists, incrementing by 1 (see maxNumberOfBackUps)
       ./title_page.bak17 already exists, incrementing by 1 (see maxNumberOfBackUps)
       ./title_page.bak18 already exists, incrementing by 1 (see maxNumberOfBackUps)
       ./title_page.bak19 already exists, incrementing by 1 (see maxNumberOfBackUps)
       ./title_page.bak20 already exists, incrementing by 1 (see maxNumberOfBackUps)
       ./title_page.bak21 already exists, incrementing by 1 (see maxNumberOfBackUps)
       ./title_page.bak22 already exists, incrementing by 1 (see maxNumberOfBackUps)
       ./title_page.bak23 already exists, incrementing by 1 (see maxNumberOfBackUps)
       ./title_page.bak24 already exists, incrementing by 1 (see maxNumberOfBackUps)
       ./title_page.bak25 already exists, incrementing by 1 (see maxNumberOfBackUps)
       ./title_page.bak26 already exists, incrementing by 1 (see maxNumberOfBackUps)
       ./title_page.bak27 already exists, incrementing by 1 (see maxNumberOfBackUps)
       ./title_page.bak28 already exists, incrementing by 1 (see maxNumberOfBackUps)
       ./title_page.bak29 already exists, incrementing by 1 (see maxNumberOfBackUps)
       ./title_page.bak30 already exists, incrementing by 1 (see maxNumberOfBackUps)
       ./title_page.bak31 already exists, incrementing by 1 (see maxNumberOfBackUps)
       ./title_page.bak32 already exists, incrementing by 1 (see maxNumberOfBackUps)
       ./title_page.bak33 already exists, incrementing by 1 (see maxNumberOfBackUps)
       ./title_page.bak34 already exists, incrementing by 1 (see maxNumberOfBackUps)
       ./title_page.bak35 already exists, incrementing by 1 (see maxNumberOfBackUps)
       ./title_page.bak36 already exists, incrementing by 1 (see maxNumberOfBackUps)
       ./title_page.bak37 already exists, incrementing by 1 (see maxNumberOfBackUps)
       ./title_page.bak38 already exists, incrementing by 1 (see maxNumberOfBackUps)
       ./title_page.bak39 already exists, incrementing by 1 (see maxNumberOfBackUps)
       ./title_page.bak40 already exists, incrementing by 1 (see maxNumberOfBackUps)
       ./title_page.bak41 already exists, incrementing by 1 (see maxNumberOfBackUps)
       ./title_page.bak42 already exists, incrementing by 1 (see maxNumberOfBackUps)
       ./title_page.bak43 already exists, incrementing by 1 (see maxNumberOfBackUps)
       ./title_page.bak44 already exists, incrementing by 1 (see maxNumberOfBackUps)
       ./title_page.bak45 already exists, incrementing by 1 (see maxNumberOfBackUps)
       ./title_page.bak46 already exists, incrementing by 1 (see maxNumberOfBackUps)
       ./title_page.bak47 already exists, incrementing by 1 (see maxNumberOfBackUps)
       ./title_page.bak48 already exists, incrementing by 1 (see maxNumberOfBackUps)
       ./title_page.bak49 already exists, incrementing by 1 (see maxNumberOfBackUps)
       ./title_page.bak50 already exists, incrementing by 1 (see maxNumberOfBackUps)
       ./title_page.bak51 already exists, incrementing by 1 (see maxNumberOfBackUps)
       ./title_page.bak52 already exists, incrementing by 1 (see maxNumberOfBackUps)
       ./title_page.bak53 already exists, incrementing by 1 (see maxNumberOfBackUps)
       ./title_page.bak54 already exists, incrementing by 1 (see maxNumberOfBackUps)
       ./title_page.bak55 already exists, incrementing by 1 (see maxNumberOfBackUps)
       ./title_page.bak56 already exists, incrementing by 1 (see maxNumberOfBackUps)
       ./title_page.bak57 already exists, incrementing by 1 (see maxNumberOfBackUps)
       ./title_page.bak58 already exists, incrementing by 1 (see maxNumberOfBackUps)
       ./title_page.bak59 already exists, incrementing by 1 (see maxNumberOfBackUps)
       ./title_page.bak60 already exists, incrementing by 1 (see maxNumberOfBackUps)
       ./title_page.bak61 already exists, incrementing by 1 (see maxNumberOfBackUps)
       ./title_page.bak62 already exists, incrementing by 1 (see maxNumberOfBackUps)
       ./title_page.bak63 already exists, incrementing by 1 (see maxNumberOfBackUps)
       ./title_page.bak64 already exists, incrementing by 1 (see maxNumberOfBackUps)
       ./title_page.bak65 already exists, incrementing by 1 (see maxNumberOfBackUps)
       ./title_page.bak66 already exists, incrementing by 1 (see maxNumberOfBackUps)
       ./title_page.bak67 already exists, incrementing by 1 (see maxNumberOfBackUps)
       ./title_page.bak68 already exists, incrementing by 1 (see maxNumberOfBackUps)
       ./title_page.bak69 already exists, incrementing by 1 (see maxNumberOfBackUps)
       ./title_page.bak70 already exists, incrementing by 1 (see maxNumberOfBackUps)
       ./title_page.bak71 already exists, incrementing by 1 (see maxNumberOfBackUps)
       ./title_page.bak72 already exists, incrementing by 1 (see maxNumberOfBackUps)
       ./title_page.bak73 already exists, incrementing by 1 (see maxNumberOfBackUps)
       ./title_page.bak74 already exists, incrementing by 1 (see maxNumberOfBackUps)
       ./title_page.bak75 already exists, incrementing by 1 (see maxNumberOfBackUps)
       ./title_page.bak76 already exists, incrementing by 1 (see maxNumberOfBackUps)
       ./title_page.bak77 already exists, incrementing by 1 (see maxNumberOfBackUps)
       ./title_page.bak78 already exists, incrementing by 1 (see maxNumberOfBackUps)
       ./title_page.bak79 already exists, incrementing by 1 (see maxNumberOfBackUps)
       ./title_page.bak80 already exists, incrementing by 1 (see maxNumberOfBackUps)
       ./title_page.bak81 already exists, incrementing by 1 (see maxNumberOfBackUps)
       ./title_page.bak82 already exists, incrementing by 1 (see maxNumberOfBackUps)
       ./title_page.bak83 already exists, incrementing by 1 (see maxNumberOfBackUps)
       ./title_page.bak84 already exists, incrementing by 1 (see maxNumberOfBackUps)
       ./title_page.bak85 already exists, incrementing by 1 (see maxNumberOfBackUps)
       ./title_page.bak86 already exists, incrementing by 1 (see maxNumberOfBackUps)
       Backing up title_page.tex to ./title_page.bak87...
       title_page.tex will be overwritten after indentation
INFO:  Output routine:
       Overwriting file title_page.tex
       --------------
INFO:  Please direct all communication/issues to:
       https://github.com/cmhughes/latexindent.pl
       documentation: https://latexindentpl.readthedocs.io/en/latest/
