\BOOKMARK [0][-]{chapter.1}{\376\377\000I\000n\000t\000r\000o\000d\000u\000c\000t\000i\000o\000n}{}% 1
\BOOKMARK [0][-]{chapter.2}{\376\377\000B\000a\000c\000k\000g\000r\000o\000u\000n\000d}{}% 2
\BOOKMARK [1][-]{section.2.1}{\376\377\000I\000n\000t\000r\000o\000d\000u\000c\000t\000i\000o\000n\000\040\000t\000o\000\040\000L\000L\000M\000\040\000E\000x\000p\000l\000a\000i\000n\000a\000b\000i\000l\000i\000t\000y}{chapter.2}% 3
\BOOKMARK [2][-]{subsection.2.1.1}{\376\377\000D\000e\000f\000i\000n\000i\000t\000i\000o\000n\000\040\000a\000n\000d\000\040\000P\000u\000r\000p\000o\000s\000e}{section.2.1}% 4
\BOOKMARK [2][-]{subsection.2.1.2}{\376\377\000T\000r\000a\000n\000s\000p\000a\000r\000e\000n\000c\000y\000\040\000a\000s\000\040\000R\000e\000g\000u\000l\000a\000t\000o\000r\000y\000\040\000R\000e\000q\000u\000i\000r\000e\000m\000e\000n\000t}{section.2.1}% 5
\BOOKMARK [2][-]{subsection.2.1.3}{\376\377\000A\000u\000d\000i\000e\000n\000c\000e\000\040\000G\000r\000o\000u\000p\000s}{section.2.1}% 6
\BOOKMARK [2][-]{subsection.2.1.4}{\376\377\000A\000s\000p\000e\000c\000t\000s\000\040\000a\000n\000d\000\040\000D\000i\000m\000e\000n\000s\000i\000o\000n\000s}{section.2.1}% 7
\BOOKMARK [2][-]{subsection.2.1.5}{\376\377\000L\000L\000M\000\040\000E\000x\000p\000l\000a\000i\000n\000a\000b\000i\000l\000i\000t\000y\000\040\000C\000h\000a\000l\000l\000e\000n\000g\000e\000s}{section.2.1}% 8
\BOOKMARK [1][-]{section.2.2}{\376\377\000F\000a\000i\000t\000h\000f\000u\000l\000n\000e\000s\000s\000\040\000o\000f\000\040\000L\000L\000M\000\040\000E\000x\000p\000l\000a\000n\000a\000t\000i\000o\000n\000s}{chapter.2}% 9
\BOOKMARK [2][-]{subsection.2.2.1}{\376\377\000D\000e\000f\000i\000n\000i\000t\000i\000o\000n\000\040\000a\000n\000d\000\040\000S\000i\000g\000n\000i\000f\000i\000c\000a\000n\000c\000e}{section.2.2}% 10
\BOOKMARK [2][-]{subsection.2.2.2}{\376\377\000E\000s\000t\000i\000m\000a\000t\000i\000o\000n\000\040\000A\000p\000p\000r\000o\000a\000c\000h\000e\000s}{section.2.2}% 11
\BOOKMARK [1][-]{section.2.3}{\376\377\000S\000h\000a\000p\000l\000e\000y\000\040\000V\000a\000l\000u\000e\000s\000\040\000i\000n\000\040\000E\000x\000p\000l\000a\000i\000n\000a\000b\000l\000e\000\040\000A\000I}{chapter.2}% 12
\BOOKMARK [1][-]{section.2.4}{\376\377\000T\000e\000r\000m\000i\000n\000o\000l\000o\000g\000y\000\040\000A\000d\000o\000p\000t\000e\000d\000\040\000i\000n\000\040\000T\000h\000i\000s\000\040\000T\000h\000e\000s\000i\000s}{chapter.2}% 13
\BOOKMARK [1][-]{section.2.5}{\376\377\000C\000a\000u\000s\000a\000l\000\040\000C\000o\000n\000c\000e\000p\000t\000\040\000F\000a\000i\000t\000h\000f\000u\000l\000n\000e\000s\000s\000\040\000M\000e\000t\000r\000i\000c}{chapter.2}% 14
\BOOKMARK [2][-]{subsection.2.5.1}{\376\377\000F\000u\000n\000d\000a\000m\000e\000n\000t\000a\000l\000\040\000I\000d\000e\000a}{section.2.5}% 15
\BOOKMARK [2][-]{subsection.2.5.2}{\376\377\000M\000a\000t\000h\000e\000m\000a\000t\000i\000c\000a\000l\000\040\000F\000o\000u\000n\000d\000a\000t\000i\000o\000n}{section.2.5}% 16
\BOOKMARK [2][-]{subsection.2.5.3}{\376\377\000E\000v\000a\000l\000u\000a\000t\000i\000o\000n\000\040\000P\000i\000p\000e\000l\000i\000n\000e}{section.2.5}% 17
\BOOKMARK [2][-]{subsection.2.5.4}{\376\377\000T\000h\000e\000\040\000C\000a\000s\000e\000\040\000f\000o\000r\000\040\000t\000h\000i\000s\000\040\000M\000e\000t\000r\000i\000c}{section.2.5}% 18
\BOOKMARK [0][-]{chapter.3}{\376\377\000P\000r\000o\000b\000l\000e\000m\000\040\000A\000n\000a\000l\000y\000s\000i\000s}{}% 19
\BOOKMARK [1][-]{section.3.1}{\376\377\000A\000s\000s\000u\000m\000p\000t\000i\000o\000n\000s\000\040\000i\000n\000\040\000t\000h\000e\000\040\000O\000b\000s\000e\000r\000v\000a\000t\000i\000o\000n\000a\000l\000\040\000G\000r\000a\000p\000h}{chapter.3}% 20
\BOOKMARK [1][-]{section.3.2}{\376\377\000D\000i\000s\000e\000n\000t\000a\000n\000g\000l\000e\000m\000e\000n\000t\000\040\000A\000s\000s\000u\000m\000p\000t\000i\000o\000n\000\040\000f\000o\000r\000\040\000I\000n\000t\000e\000r\000v\000e\000n\000t\000i\000o\000n\000s}{chapter.3}% 21
\BOOKMARK [1][-]{section.3.3}{\376\377\000T\000h\000e\000\040\000P\000r\000a\000c\000t\000i\000c\000a\000l\000\040\000L\000i\000m\000i\000t}{chapter.3}% 22
\BOOKMARK [1][-]{section.3.4}{\376\377\000I\000n\000t\000e\000r\000a\000c\000t\000i\000o\000n\000\040\000b\000e\000t\000w\000e\000e\000n\000\040\000C\000o\000n\000c\000e\000p\000t\000s}{chapter.3}% 23
\BOOKMARK [2][-]{subsection.3.4.1}{\376\377\000A\000d\000d\000i\000t\000i\000v\000i\000t\000y}{section.3.4}% 24
\BOOKMARK [2][-]{subsection.3.4.2}{\376\377\000R\000e\000d\000u\000n\000d\000a\000n\000c\000y}{section.3.4}% 25
\BOOKMARK [2][-]{subsection.3.4.3}{\376\377\000S\000y\000n\000e\000r\000g\000y}{section.3.4}% 26
\BOOKMARK [2][-]{subsection.3.4.4}{\376\377\000I\000m\000p\000l\000i\000c\000a\000t\000i\000o\000n\000s\000\040\000f\000o\000r\000\040\000C\000a\000u\000s\000a\000l\000\040\000C\000o\000n\000c\000e\000p\000t\000\040\000E\000f\000f\000e\000c\000t\000s}{section.3.4}% 27
\BOOKMARK [0][-]{chapter.4}{\376\377\000C\000o\000n\000c\000e\000p\000t\000i\000o\000n\000\040\000o\000f\000\040\000a\000\040\000S\000o\000l\000u\000t\000i\000o\000n}{}% 28
\BOOKMARK [1][-]{section.4.1}{\376\377\000R\000e\000q\000u\000i\000r\000e\000m\000e\000n\000t\000s}{chapter.4}% 29
\BOOKMARK [1][-]{section.4.2}{\376\377\000C\000o\000r\000e\000\040\000I\000d\000e\000a\000:\000\040\000M\000e\000a\000s\000u\000r\000i\000n\000g\000\040\000t\000h\000e\000\040\000J\000o\000i\000n\000t\000\040\000E\000f\000f\000e\000c\000t}{chapter.4}% 30
\BOOKMARK [0][-]{chapter.5}{\376\377\000M\000o\000d\000e\000l\000i\000n\000g\000\040\000t\000h\000e\000\040\000U\000p\000d\000a\000t\000e\000d\000\040\000M\000e\000t\000r\000i\000c}{}% 31
\BOOKMARK [1][-]{section.5.1}{\376\377\000I\000n\000t\000e\000r\000a\000c\000t\000i\000o\000n\000\040\000P\000r\000e\000s\000u\000m\000p\000t\000i\000o\000n\000\040\000a\000n\000d\000\040\000J\000o\000i\000n\000t\000-\000C\000o\000u\000n\000t\000e\000r\000f\000a\000c\000t\000u\000a\000l\000\040\000C\000r\000e\000a\000t\000i\000o\000n}{chapter.5}% 32
\BOOKMARK [2][-]{subsection.5.1.1}{\376\377\000M\000o\000t\000i\000v\000a\000t\000i\000o\000n\000\040\000f\000o\000r\000\040\000I\000n\000t\000e\000r\000a\000c\000t\000i\000o\000n\000\040\000P\000r\000e\000s\000u\000m\000p\000t\000i\000o\000n}{section.5.1}% 33
\BOOKMARK [2][-]{subsection.5.1.2}{\376\377\000M\000o\000d\000e\000l\000i\000n\000g\000\040\000O\000r\000a\000c\000l\000e\000\040\000f\000o\000r\000\040\000N\000a\000t\000u\000r\000a\000l\000\040\000L\000a\000n\000g\000u\000a\000g\000e\000\040\000Q\000u\000e\000s\000t\000i\000o\000n\000s}{section.5.1}% 34
\BOOKMARK [2][-]{subsection.5.1.3}{\376\377\000M\000o\000d\000e\000l\000i\000n\000g\000\040\000O\000r\000a\000c\000l\000e\000\040\000f\000o\000r\000\040\000T\000a\000b\000u\000l\000a\000r\000\040\000D\000a\000t\000a}{section.5.1}% 35
\BOOKMARK [2][-]{subsection.5.1.4}{\376\377\000P\000u\000t\000t\000i\000n\000g\000\040\000J\000o\000i\000n\000t\000\040\000I\000n\000t\000e\000r\000v\000e\000n\000t\000i\000o\000n\000s\000\040\000i\000n\000t\000o\000\040\000P\000r\000a\000c\000t\000i\000c\000e}{section.5.1}% 36
\BOOKMARK [1][-]{section.5.2}{\376\377\000S\000h\000a\000p\000l\000e\000y\000-\000B\000a\000s\000e\000d\000\040\000C\000a\000u\000s\000a\000l\000\040\000E\000f\000f\000e\000c\000t\000\040\000C\000a\000l\000c\000u\000l\000a\000t\000i\000o\000n}{chapter.5}% 37
\BOOKMARK [2][-]{subsection.5.2.1}{\376\377\000M\000o\000t\000i\000v\000a\000t\000i\000o\000n}{section.5.2}% 38
\BOOKMARK [2][-]{subsection.5.2.2}{\376\377\000I\000m\000p\000l\000e\000m\000e\000n\000t\000i\000n\000g\000\040\000S\000h\000a\000p\000l\000e\000y\000\040\000V\000a\000l\000u\000e\000s\000\040\000i\000n\000t\000o\000\040\000t\000h\000e\000\040\000C\000a\000u\000s\000a\000l\000\040\000E\000f\000f\000e\000c\000t}{section.5.2}% 39
\BOOKMARK [1][-]{section.5.3}{\376\377\000N\000o\000r\000m\000a\000l\000i\000z\000i\000n\000g\000\040\000t\000h\000e\000\040\000C\000a\000u\000s\000a\000l\000\040\000E\000f\000f\000e\000c\000t}{chapter.5}% 40
\BOOKMARK [2][-]{subsection.5.3.1}{\376\377\000S\000y\000s\000t\000e\000m\000a\000t\000i\000c\000\040\000S\000h\000r\000i\000n\000k\000a\000g\000e\000\040\000o\000f\000\040\000J\000o\000i\000n\000t\000\040\000E\000f\000f\000e\000c\000t\000s}{section.5.3}% 41
\BOOKMARK [2][-]{subsection.5.3.2}{\376\377\000I\000n\000t\000r\000o\000d\000u\000c\000i\000n\000g\000\040\000t\000h\000e\000\040\000P\000a\000y\000o\000u\000t\000\040\000C\000o\000e\000f\000f\000i\000c\000i\000e\000n\000t}{section.5.3}% 42
\BOOKMARK [2][-]{subsection.5.3.3}{\376\377\000C\000o\000n\000s\000t\000r\000u\000c\000t\000i\000n\000g\000\040\000a\000\040\000R\000e\000f\000e\000r\000e\000n\000c\000e\000\040\000S\000e\000t}{section.5.3}% 43
\BOOKMARK [2][-]{subsection.5.3.4}{\376\377\000C\000o\000r\000r\000e\000c\000t\000i\000n\000g\000\040\000t\000h\000e\000\040\000C\000a\000u\000s\000a\000l\000\040\000E\000f\000f\000e\000c\000t\000\040\000V\000a\000l\000u\000e\000\040\000F\000u\000n\000c\000t\000i\000o\000n}{section.5.3}% 44
\BOOKMARK [1][-]{section.5.4}{\376\377\000R\000e\000m\000a\000i\000n\000i\000n\000g\000\040\000E\000v\000a\000l\000u\000a\000t\000i\000o\000n\000\040\000P\000i\000p\000e\000l\000i\000n\000e}{chapter.5}% 45
\BOOKMARK [1][-]{section.5.5}{\376\377\000P\000o\000s\000t\000-\000M\000o\000d\000e\000l\000i\000n\000g\000\040\000A\000s\000s\000e\000s\000s\000m\000e\000n\000t}{chapter.5}% 46
\BOOKMARK [2][-]{subsection.5.5.1}{\376\377\000R\000e\000v\000i\000e\000w\000i\000n\000g\000\040\000C\000h\000a\000n\000g\000e\000s}{section.5.5}% 47
\BOOKMARK [2][-]{subsection.5.5.2}{\376\377\000R\000e\000e\000x\000a\000m\000i\000n\000a\000t\000i\000o\000n\000\040\000o\000f\000\040\000R\000e\000q\000u\000i\000r\000e\000m\000e\000n\000t\000s}{section.5.5}% 48
\BOOKMARK [2][-]{subsection.5.5.3}{\376\377\000A\000n\000t\000i\000c\000i\000p\000a\000t\000e\000d\000\040\000E\000f\000f\000e\000c\000t\000s}{section.5.5}% 49
\BOOKMARK [2][-]{subsection.5.5.4}{\376\377\000A\000n\000t\000i\000c\000i\000p\000a\000t\000e\000d\000\040\000E\000f\000f\000e\000c\000t\000s}{section.5.5}% 50
\BOOKMARK [0][-]{chapter.6}{\376\377\000E\000v\000a\000l\000u\000a\000t\000i\000o\000n\000\040\000M\000e\000t\000h\000o\000d\000o\000l\000o\000g\000y}{}% 51
\BOOKMARK [1][-]{section.6.1}{\376\377\000R\000e\000s\000e\000a\000r\000c\000h\000\040\000Q\000u\000e\000s\000t\000i\000o\000n\000s}{chapter.6}% 52
\BOOKMARK [1][-]{section.6.2}{\376\377\000E\000v\000a\000l\000u\000a\000t\000i\000o\000n\000\040\000S\000e\000t\000t\000i\000n\000g\000s}{chapter.6}% 53
\BOOKMARK [2][-]{subsection.6.2.1}{\376\377\000R\000e\000f\000e\000r\000e\000n\000c\000e\000\040\000I\000m\000p\000l\000e\000m\000e\000n\000t\000a\000t\000i\000o\000n}{section.6.2}% 54
\BOOKMARK [2][-]{subsection.6.2.2}{\376\377\000S\000e\000l\000e\000c\000t\000i\000o\000n\000\040\000o\000f\000\040\000D\000a\000t\000a\000s\000e\000t\000s}{section.6.2}% 55
\BOOKMARK [2][-]{subsection.6.2.3}{\376\377\000S\000e\000l\000e\000c\000t\000i\000o\000n\000\040\000o\000f\000\040\000M\000o\000d\000e\000l\000s}{section.6.2}% 56
\BOOKMARK [2][-]{subsection.6.2.4}{\376\377\000S\000a\000m\000p\000l\000e\000s\000\040\000p\000e\000r\000\040\000Q\000u\000e\000s\000t\000i\000o\000n}{section.6.2}% 57
\BOOKMARK [2][-]{subsection.6.2.5}{\376\377\000R\000e\000m\000o\000v\000a\000l\000\040\000v\000s\000.\000\040\000V\000a\000l\000u\000e\000-\000R\000e\000p\000l\000a\000c\000e\000m\000e\000n\000t\000\040\000C\000o\000u\000n\000t\000e\000r\000f\000a\000c\000t\000u\000a\000l\000s}{section.6.2}% 58
\BOOKMARK [2][-]{subsection.6.2.6}{\376\377\000E\000x\000p\000l\000a\000n\000a\000t\000i\000o\000n\000s\000\040\000U\000s\000e\000d\000\040\000t\000o\000\040\000E\000s\000t\000i\000m\000a\000t\000e\000\040\000E\000x\000p\000l\000a\000n\000a\000t\000i\000o\000n\000-\000I\000m\000p\000l\000i\000e\000d\000\040\000E\000f\000f\000e\000c\000t\000s}{section.6.2}% 59
\BOOKMARK [1][-]{section.6.3}{\376\377\000O\000p\000e\000r\000a\000t\000i\000o\000n\000a\000l\000i\000z\000a\000t\000i\000o\000n\000\040\000a\000n\000d\000\040\000A\000n\000a\000l\000y\000s\000i\000s\000\040\000P\000r\000o\000c\000e\000d\000u\000r\000e\000s}{chapter.6}% 60
\BOOKMARK [2][-]{subsection.6.3.1}{\376\377\000C\000o\000n\000t\000r\000o\000l\000l\000e\000d\000\040\000A\000t\000o\000m\000i\000c\000\040\000B\000a\000s\000e\000l\000i\000n\000e\000\040\000f\000r\000o\000m\000\040\000a\000\040\000J\000o\000i\000n\000t\000\040\000F\000E\000L\000I\000C\000S\000\040\000R\000u\000n}{section.6.3}% 61
\BOOKMARK [2][-]{subsection.6.3.2}{\376\377\000I\000n\000t\000e\000r\000a\000c\000t\000i\000o\000n\000-\000P\000r\000e\000s\000u\000m\000p\000t\000i\000o\000n\000\040\000S\000t\000r\000e\000n\000g\000t\000h\000\040\000a\000n\000d\000\040\000C\000a\000u\000s\000a\000l\000-\000E\000f\000f\000e\000c\000t\000\040\000C\000h\000a\000n\000g\000e\000s}{section.6.3}% 62
\BOOKMARK [2][-]{subsection.6.3.3}{\376\377\000E\000q\000u\000i\000v\000a\000l\000e\000n\000c\000e\000\040\000w\000i\000t\000h\000\040\000t\000h\000e\000\040\000O\000r\000i\000g\000i\000n\000a\000l\000\040\000M\000e\000t\000r\000i\000c}{section.6.3}% 63
\BOOKMARK [2][-]{subsection.6.3.4}{\376\377\000P\000r\000e\000s\000e\000r\000v\000a\000t\000i\000o\000n\000\040\000o\000f\000\040\000W\000i\000t\000h\000i\000n\000-\000Q\000u\000e\000s\000t\000i\000o\000n\000\040\000C\000o\000n\000c\000e\000p\000t\000\040\000R\000a\000n\000k\000i\000n\000g\000s}{section.6.3}% 64
\BOOKMARK [2][-]{subsection.6.3.5}{\376\377\000E\000f\000f\000e\000c\000t\000\040\000o\000f\000\040\000I\000n\000t\000e\000r\000a\000c\000t\000i\000o\000n\000\040\000M\000o\000d\000e\000l\000i\000n\000g\000\040\000o\000n\000\040\000F\000a\000i\000t\000h\000f\000u\000l\000n\000e\000s\000s}{section.6.3}% 65
\BOOKMARK [2][-]{subsection.6.3.6}{\376\377\000R\000e\000s\000o\000l\000u\000t\000i\000o\000n\000\040\000o\000f\000\040\000t\000h\000e\000\040\000M\000o\000t\000i\000v\000a\000t\000i\000n\000g\000\040\000U\000n\000d\000e\000r\000e\000s\000t\000i\000m\000a\000t\000i\000o\000n\000\040\000C\000a\000s\000e}{section.6.3}% 66
\BOOKMARK [0][-]{chapter.7}{\376\377\000R\000e\000s\000u\000l\000t\000s}{}% 67
\BOOKMARK [1][-]{section.7.1}{\376\377\000E\000v\000o\000l\000u\000t\000i\000o\000n\000\040\000o\000f\000\040\000Q\000u\000e\000s\000t\000i\000o\000n\000-\000L\000e\000v\000e\000l\000\040\000F\000a\000i\000t\000h\000f\000u\000l\000n\000e\000s\000s}{chapter.7}% 68
\BOOKMARK [1][-]{section.7.2}{\376\377\000D\000e\000s\000c\000r\000i\000p\000t\000i\000v\000e\000\040\000B\000e\000h\000a\000v\000i\000o\000r\000\040\000o\000f\000\040\000t\000h\000e\000\040\000O\000r\000a\000c\000l\000e\000s}{chapter.7}% 69
\BOOKMARK [1][-]{section.7.3}{\376\377\000I\000n\000t\000e\000r\000a\000c\000t\000i\000o\000n\000-\000P\000r\000e\000s\000u\000m\000p\000t\000i\000o\000n\000\040\000S\000t\000r\000e\000n\000g\000t\000h\000\040\000a\000n\000d\000\040\000C\000h\000a\000n\000g\000e\000s\000\040\000i\000n\000\040\000C\000a\000u\000s\000a\000l\000\040\000E\000f\000f\000e\000c\000t\000s}{chapter.7}% 70
\BOOKMARK [1][-]{section.7.4}{\376\377\000V\000a\000l\000i\000d\000a\000t\000i\000o\000n\000\040\000a\000g\000a\000i\000n\000s\000t\000\040\000t\000h\000e\000\040\000O\000r\000i\000g\000i\000n\000a\000l\000\040\000I\000m\000p\000l\000e\000m\000e\000n\000t\000a\000t\000i\000o\000n}{chapter.7}% 71
\BOOKMARK [1][-]{section.7.5}{\376\377\000P\000r\000e\000s\000e\000r\000v\000a\000t\000i\000o\000n\000\040\000o\000f\000\040\000C\000o\000n\000c\000e\000p\000t\000\040\000R\000a\000n\000k\000i\000n\000g\000s}{chapter.7}% 72
\BOOKMARK [1][-]{section.7.6}{\376\377\000E\000f\000f\000e\000c\000t\000\040\000o\000f\000\040\000I\000n\000t\000e\000r\000a\000c\000t\000i\000o\000n\000\040\000M\000o\000d\000e\000l\000i\000n\000g\000\040\000o\000n\000\040\000F\000a\000i\000t\000h\000f\000u\000l\000n\000e\000s\000s}{chapter.7}% 73
\BOOKMARK [1][-]{section.7.7}{\376\377\000R\000e\000s\000o\000l\000u\000t\000i\000o\000n\000\040\000o\000f\000\040\000t\000h\000e\000\040\000M\000o\000t\000i\000v\000a\000t\000i\000n\000g\000\040\000U\000n\000d\000e\000r\000e\000s\000t\000i\000m\000a\000t\000i\000o\000n\000\040\000E\000x\000a\000m\000p\000l\000e}{chapter.7}% 74
\BOOKMARK [0][-]{chapter.8}{\376\377\000D\000i\000s\000c\000u\000s\000s\000i\000o\000n}{}% 75
\BOOKMARK [1][-]{section.8.1}{\376\377\000C\000e\000n\000t\000r\000a\000l\000\040\000F\000i\000n\000d\000i\000n\000g\000s}{chapter.8}% 76
\BOOKMARK [1][-]{section.8.2}{\376\377\000W\000h\000a\000t\000\040\000J\000o\000i\000n\000t\000-\000I\000n\000t\000e\000r\000v\000e\000n\000t\000i\000o\000n\000\040\000M\000o\000d\000e\000l\000l\000i\000n\000g\000\040\000R\000e\000v\000e\000a\000l\000e\000d}{chapter.8}% 77
\BOOKMARK [2][-]{subsection.8.2.1}{\376\377\000A\000\040\000T\000h\000r\000e\000s\000h\000o\000l\000d\000-\000L\000i\000k\000e\000\040\000R\000e\000s\000p\000o\000n\000s\000e\000\040\000i\000n\000\040\000N\000e\000w\000\040\000G\000e\000r\000m\000a\000n\000\040\000C\000r\000e\000d\000i\000t}{section.8.2}% 78
\BOOKMARK [2][-]{subsection.8.2.2}{\376\377\000R\000e\000d\000u\000n\000d\000a\000n\000c\000y\000\040\000I\000n\000t\000r\000o\000d\000u\000c\000e\000d\000\040\000b\000y\000\040\000C\000o\000n\000c\000e\000p\000t\000\040\000D\000e\000c\000o\000m\000p\000o\000s\000i\000t\000i\000o\000n}{section.8.2}% 79
\BOOKMARK [2][-]{subsection.8.2.3}{\376\377\000A\000\040\000L\000a\000r\000g\000e\000\040\000C\000o\000a\000l\000i\000t\000i\000o\000n\000\040\000E\000f\000f\000e\000c\000t\000\040\000w\000i\000t\000h\000\040\000A\000m\000b\000i\000g\000u\000o\000u\000s\000\040\000O\000r\000i\000g\000i\000n}{section.8.2}% 80
\BOOKMARK [2][-]{subsection.8.2.4}{\376\377\000O\000r\000a\000c\000l\000e\000\040\000G\000r\000o\000u\000p\000i\000n\000g\000\040\000w\000i\000t\000h\000\040\000L\000i\000t\000t\000l\000e\000\040\000O\000b\000s\000e\000r\000v\000e\000d\000\040\000I\000n\000t\000e\000r\000a\000c\000t\000i\000o\000n}{section.8.2}% 81
\BOOKMARK [1][-]{section.8.3}{\376\377\000I\000n\000t\000e\000r\000p\000r\000e\000t\000i\000n\000g\000\040\000t\000h\000e\000\040\000M\000i\000x\000e\000d\000\040\000R\000e\000s\000e\000a\000r\000c\000h\000\040\000F\000i\000n\000d\000i\000n\000g\000s}{chapter.8}% 82
\BOOKMARK [2][-]{subsection.8.3.1}{\376\377\000F\000r\000o\000m\000\040\000O\000r\000a\000c\000l\000e\000\040\000P\000r\000e\000s\000u\000m\000p\000t\000i\000o\000n\000s\000\040\000t\000o\000\040\000C\000h\000a\000n\000g\000e\000s\000\040\000i\000n\000\040\000F\000a\000i\000t\000h\000f\000u\000l\000n\000e\000s\000s}{section.8.3}% 83
\BOOKMARK [2][-]{subsection.8.3.2}{\376\377\000S\000i\000n\000g\000l\000e\000t\000o\000n\000\040\000C\000o\000m\000p\000a\000t\000i\000b\000i\000l\000i\000t\000y\000\040\000a\000n\000d\000\040\000I\000n\000d\000e\000p\000e\000n\000d\000e\000n\000t\000\040\000P\000i\000p\000e\000l\000i\000n\000e\000\040\000R\000u\000n\000s}{section.8.3}% 84
\BOOKMARK [2][-]{subsection.8.3.3}{\376\377\000N\000o\000r\000m\000a\000l\000i\000z\000a\000t\000i\000o\000n\000\040\000a\000n\000d\000\040\000P\000r\000e\000s\000e\000r\000v\000a\000t\000i\000o\000n\000\040\000o\000f\000\040\000C\000o\000n\000c\000e\000p\000t\000\040\000R\000a\000n\000k\000i\000n\000g\000s}{section.8.3}% 85
\BOOKMARK [2][-]{subsection.8.3.4}{\376\377\000T\000h\000e\000\040\000M\000o\000t\000i\000v\000a\000t\000i\000n\000g\000\040\000U\000n\000d\000e\000r\000e\000s\000t\000i\000m\000a\000t\000i\000o\000n\000\040\000E\000x\000a\000m\000p\000l\000e}{section.8.3}% 86
\BOOKMARK [1][-]{section.8.4}{\376\377\000R\000e\000q\000u\000i\000r\000e\000m\000e\000n\000t\000s\000\040\000a\000n\000d\000\040\000R\000e\000s\000e\000a\000r\000c\000h\000\040\000C\000o\000n\000t\000r\000i\000b\000u\000t\000i\000o\000n}{chapter.8}% 87
\BOOKMARK [1][-]{section.8.5}{\376\377\000L\000i\000m\000i\000t\000a\000t\000i\000o\000n\000s\000\040\000o\000f\000\040\000t\000h\000e\000\040\000E\000x\000p\000e\000r\000i\000m\000e\000n\000t\000a\000l\000\040\000E\000v\000a\000l\000u\000a\000t\000i\000o\000n}{chapter.8}% 88
\BOOKMARK [2][-]{subsection.8.5.1}{\376\377\000C\000o\000v\000e\000r\000a\000g\000e\000\040\000a\000n\000d\000\040\000S\000a\000m\000p\000l\000i\000n\000g\000\040\000U\000n\000c\000e\000r\000t\000a\000i\000n\000t\000y}{section.8.5}% 89
\BOOKMARK [2][-]{subsection.8.5.2}{\376\377\000A\000u\000x\000i\000l\000i\000a\000r\000y\000-\000M\000o\000d\000e\000l\000\040\000D\000e\000p\000e\000n\000d\000e\000n\000c\000e\000\040\000a\000n\000d\000\040\000I\000n\000c\000o\000m\000p\000l\000e\000t\000e\000\040\000E\000v\000a\000l\000u\000a\000t\000i\000o\000n\000s}{section.8.5}% 90
\BOOKMARK [2][-]{subsection.8.5.3}{\376\377\000U\000n\000v\000a\000l\000i\000d\000a\000t\000e\000d\000\040\000D\000e\000s\000i\000g\000n\000\040\000C\000h\000o\000i\000c\000e\000s\000\040\000a\000n\000d\000\040\000C\000o\000u\000n\000t\000e\000r\000f\000a\000c\000t\000u\000a\000l\000\040\000Q\000u\000a\000l\000i\000t\000y}{section.8.5}% 91
\BOOKMARK [1][-]{section.8.6}{\376\377\000L\000i\000m\000i\000t\000a\000t\000i\000o\000n\000s\000\040\000o\000f\000\040\000F\000E\000L\000I\000C\000S}{chapter.8}% 92
\BOOKMARK [2][-]{subsection.8.6.1}{\376\377\000C\000a\000n\000d\000i\000d\000a\000t\000e\000\040\000G\000r\000o\000u\000p\000s\000\040\000a\000n\000d\000\040\000U\000n\000m\000e\000a\000s\000u\000r\000e\000d\000\040\000I\000n\000t\000e\000r\000a\000c\000t\000i\000o\000n\000s}{section.8.6}% 93
\BOOKMARK [2][-]{subsection.8.6.2}{\376\377\000C\000o\000n\000c\000e\000p\000t\000\040\000R\000e\000p\000r\000e\000s\000e\000n\000t\000a\000t\000i\000o\000n\000\040\000a\000n\000d\000\040\000I\000n\000t\000e\000r\000v\000e\000n\000t\000i\000o\000n\000\040\000V\000a\000l\000i\000d\000i\000t\000y}{section.8.6}% 94
\BOOKMARK [2][-]{subsection.8.6.3}{\376\377\000R\000e\000f\000e\000r\000e\000n\000c\000e\000-\000R\000e\000l\000a\000t\000i\000v\000e\000\040\000N\000o\000r\000m\000a\000l\000i\000z\000a\000t\000i\000o\000n}{section.8.6}% 95
\BOOKMARK [2][-]{subsection.8.6.4}{\376\377\000E\000x\000p\000l\000a\000n\000a\000t\000i\000o\000n\000\040\000E\000f\000f\000e\000c\000t\000s\000\040\000a\000n\000d\000\040\000t\000h\000e\000\040\000S\000c\000o\000p\000e\000\040\000o\000f\000\040\000F\000a\000i\000t\000h\000f\000u\000l\000n\000e\000s\000s}{section.8.6}% 96
\BOOKMARK [1][-]{section.8.7}{\376\377\000F\000u\000t\000u\000r\000e\000\040\000W\000o\000r\000k}{chapter.8}% 97
\BOOKMARK [2][-]{subsection.8.7.1}{\376\377\000S\000t\000r\000o\000n\000g\000e\000r\000\040\000V\000a\000l\000i\000d\000a\000t\000i\000o\000n\000\040\000a\000n\000d\000\040\000M\000o\000r\000e\000\040\000R\000e\000l\000i\000a\000b\000l\000e\000\040\000E\000v\000a\000l\000u\000a\000t\000i\000o\000n}{section.8.7}% 98
\BOOKMARK [2][-]{subsection.8.7.2}{\376\377\000O\000r\000a\000c\000l\000e\000\040\000V\000a\000l\000i\000d\000a\000t\000i\000o\000n\000\040\000a\000n\000d\000\040\000S\000e\000l\000e\000c\000t\000i\000o\000n\000\040\000o\000f\000\040\000t\000h\000e\000\040\000G\000r\000o\000u\000p\000-\000S\000i\000z\000e\000\040\000B\000o\000u\000n\000d}{section.8.7}% 99
\BOOKMARK [2][-]{subsection.8.7.3}{\376\377\000R\000e\000v\000i\000s\000i\000t\000i\000n\000g\000\040\000N\000o\000r\000m\000a\000l\000i\000z\000a\000t\000i\000o\000n\000\040\000a\000n\000d\000\040\000t\000h\000e\000\040\000E\000f\000f\000e\000c\000t\000\040\000S\000c\000a\000l\000e}{section.8.7}% 100
\BOOKMARK [2][-]{subsection.8.7.4}{\376\377\000R\000i\000c\000h\000e\000r\000\040\000E\000x\000p\000l\000a\000n\000a\000t\000i\000o\000n\000-\000I\000m\000p\000l\000i\000e\000d\000\040\000E\000f\000f\000e\000c\000t\000s}{section.8.7}% 101
\BOOKMARK [0][-]{chapter.9}{\376\377\000C\000o\000n\000c\000l\000u\000s\000i\000o\000n}{}% 102
\BOOKMARK [1][-]{section.9.1}{\376\377\000S\000u\000m\000m\000a\000r\000y\000\040\000o\000f\000\040\000t\000h\000e\000\040\000T\000h\000e\000s\000i\000s}{chapter.9}% 103
\BOOKMARK [1][-]{section.9.2}{\376\377\000A\000n\000s\000w\000e\000r\000s\000\040\000t\000o\000\040\000t\000h\000e\000\040\000R\000e\000s\000e\000a\000r\000c\000h\000\040\000Q\000u\000e\000s\000t\000i\000o\000n\000s}{chapter.9}% 104
\BOOKMARK [1][-]{section.9.3}{\376\377\000R\000e\000s\000e\000a\000r\000c\000h\000\040\000C\000o\000n\000t\000r\000i\000b\000u\000t\000i\000o\000n}{chapter.9}% 105
\BOOKMARK [1][-]{section.9.4}{\376\377\000O\000u\000t\000l\000o\000o\000k}{chapter.9}% 106
\BOOKMARK [0][-]{chapter*.68}{\376\377\000B\000i\000b\000l\000i\000o\000g\000r\000a\000p\000h\000y}{}% 107
\BOOKMARK [0][-]{appendix.A}{\376\377\000M\000o\000t\000i\000v\000a\000t\000i\000n\000g\000\040\000E\000x\000a\000m\000p\000l\000e\000\040\000S\000e\000t\000u\000p}{}% 108
\BOOKMARK [0][-]{appendix.B}{\376\377\000L\000L\000M\000-\000B\000a\000s\000e\000d\000\040\000O\000r\000a\000c\000l\000e\000\040\000C\000a\000t\000e\000g\000o\000r\000y\000\040\000N\000o\000r\000m\000a\000l\000i\000z\000a\000t\000i\000o\000n}{}% 109
\BOOKMARK [0][-]{appendix.C}{\376\377\000D\000e\000t\000a\000i\000l\000e\000d\000\040\000O\000r\000a\000c\000l\000e\000\040\000P\000a\000r\000t\000i\000t\000i\000o\000n\000i\000n\000g\000\040\000T\000r\000a\000c\000e\000s}{}% 110
\BOOKMARK [1][-]{section.C.1}{\376\377\000N\000e\000w\000\040\000G\000e\000r\000m\000a\000n\000\040\000C\000r\000e\000d\000i\000t}{appendix.C}% 111
\BOOKMARK [1][-]{section.C.2}{\376\377\000R\000Q\0005\000\040\000M\000o\000t\000i\000v\000a\000t\000i\000n\000g\000\040\000M\000e\000d\000Q\000A\000\040\000E\000x\000a\000m\000p\000l\000e}{appendix.C}% 112
\BOOKMARK [0][-]{appendix.D}{\376\377\000A\000d\000d\000i\000t\000i\000o\000n\000a\000l\000\040\000R\000e\000s\000u\000l\000t\000\040\000V\000i\000s\000u\000a\000l\000i\000z\000a\000t\000i\000o\000n\000s}{}% 113
\BOOKMARK [1][-]{section.D.1}{\376\377\000C\000a\000u\000s\000a\000l\000-\000E\000f\000f\000e\000c\000t\000\040\000S\000h\000i\000f\000t\000s\000\040\000u\000n\000d\000e\000r\000\040\000J\000o\000i\000n\000t\000\040\000I\000n\000t\000e\000r\000v\000e\000n\000t\000i\000o\000n\000s}{appendix.D}% 114
\BOOKMARK [1][-]{section.D.2}{\376\377\000C\000E\000\040\000A\000g\000r\000e\000e\000m\000e\000n\000t\000\040\000b\000e\000t\000w\000e\000e\000n\000\040\000I\000m\000p\000l\000e\000m\000e\000n\000t\000a\000t\000i\000o\000n\000s}{appendix.D}% 115
\BOOKMARK [1][-]{section.D.3}{\376\377\000Q\000u\000e\000s\000t\000i\000o\000n\000-\000L\000e\000v\000e\000l\000\040\000C\000E\000\040\000A\000g\000r\000e\000e\000m\000e\000n\000t\000\040\000u\000n\000d\000e\000r\000\040\000J\000o\000i\000n\000t\000\040\000A\000t\000t\000r\000i\000b\000u\000t\000i\000o\000n}{appendix.D}% 116
\BOOKMARK [1][-]{section.D.4}{\376\377\000C\000o\000n\000c\000e\000p\000t\000-\000L\000e\000v\000e\000l\000\040\000E\000f\000f\000e\000c\000t\000s\000\040\000o\000f\000\040\000S\000h\000a\000p\000l\000e\000y\000\040\000N\000o\000r\000m\000a\000l\000i\000z\000a\000t\000i\000o\000n}{appendix.D}% 117
\BOOKMARK [0][-]{appendix.E}{\376\377\000E\000x\000a\000m\000p\000l\000e\000s}{}% 118
\BOOKMARK [0][-]{appendix.F}{\376\377\000M\000a\000t\000h\000e\000m\000a\000t\000i\000c\000a\000l\000\040\000D\000e\000m\000o\000n\000s\000t\000r\000a\000t\000i\000o\000n\000s}{}% 119
\BOOKMARK [0][-]{appendix.G}{\376\377\000P\000r\000o\000m\000p\000t\000s}{}% 120
\BOOKMARK [0][-]{appendix.H}{\376\377\000R\000e\000p\000r\000o\000d\000u\000c\000i\000b\000i\000l\000i\000t\000y\000\040\000a\000n\000d\000\040\000E\000x\000p\000e\000r\000i\000m\000e\000n\000t\000a\000l\000\040\000A\000r\000t\000i\000f\000a\000c\000t\000s}{}% 121
\BOOKMARK [1][-]{section.H.1}{\376\377\000R\000e\000p\000o\000s\000i\000t\000o\000r\000y\000\040\000a\000n\000d\000\040\000E\000x\000e\000c\000u\000t\000i\000o\000n\000\040\000S\000e\000t\000u\000p}{appendix.H}% 122
\BOOKMARK [1][-]{section.H.2}{\376\377\000E\000x\000p\000e\000r\000i\000m\000e\000n\000t\000\040\000C\000o\000m\000m\000a\000n\000d\000s}{appendix.H}% 123
\BOOKMARK [1][-]{section.H.3}{\376\377\000E\000x\000p\000e\000r\000i\000m\000e\000n\000t\000a\000l\000\040\000A\000r\000t\000i\000f\000a\000c\000t\000s\000\040\000a\000n\000d\000\040\000A\000n\000a\000l\000y\000s\000i\000s}{appendix.H}% 124
