INFO:  latexindent version 4.0, 2026-03-15, a script to indent .tex files
       latexindent lives here: /usr/local/texlive/2026/texmf-dist/scripts/latexindent/
       Mon Sep 14 19:36:04 2026
       Filenames:
          chapters/appendix 2.tex
          chapters/appendix.tex
          chapters/background.tex
          chapters/conclusion 2.tex
          chapters/conclusion.tex
          chapters/discussion 2.tex
          chapters/discussion.tex
          chapters/evaluation.tex
          chapters/introduction.tex
          chapters/modeling.tex
          chapters/problem_identification.tex
          chapters/results 2.tex
          chapters/results.tex
          chapters/theoretical_conception.tex
       total number of files: 14
INFO:  Processing switches:
       -w|--overwrite: Overwrite mode active, will make a back up before overwriting
INFO:  Directory for backup files and log file indent.log:
       chapters
INFO:  YAML settings read: defaultSettings.yaml
       Reading defaultSettings.yaml from /usr/local/texlive/2026/texmf-dist/scripts/latexindent/defaultSettings.yaml
INFO:  YAML reading settings
       Home directory is /Users/jonathan
       latexindent.pl didn't find indentconfig.yaml or .indentconfig.yaml
       see all possible locations: https://latexindentpl.readthedocs.io/en/latest/sec-appendices.html#indentconfig-options
INFO:  Filename: chapters/appendix 2.tex (1 of 14)
INFO:  Backup procedure (-w flag active):
       chapters/appendix 2.bak0 already exists, incrementing by 1 (see maxNumberOfBackUps)
       chapters/appendix 2.bak1 already exists, incrementing by 1 (see maxNumberOfBackUps)
       chapters/appendix 2.bak2 already exists, incrementing by 1 (see maxNumberOfBackUps)
       chapters/appendix 2.bak3 already exists, incrementing by 1 (see maxNumberOfBackUps)
       chapters/appendix 2.bak4 already exists, incrementing by 1 (see maxNumberOfBackUps)
       chapters/appendix 2.bak5 already exists, incrementing by 1 (see maxNumberOfBackUps)
       chapters/appendix 2.bak6 already exists, incrementing by 1 (see maxNumberOfBackUps)
       chapters/appendix 2.bak7 already exists, incrementing by 1 (see maxNumberOfBackUps)
       chapters/appendix 2.bak8 already exists, incrementing by 1 (see maxNumberOfBackUps)
       chapters/appendix 2.bak9 already exists, incrementing by 1 (see maxNumberOfBackUps)
       chapters/appendix 2.bak10 already exists, incrementing by 1 (see maxNumberOfBackUps)
       chapters/appendix 2.bak11 already exists, incrementing by 1 (see maxNumberOfBackUps)
       chapters/appendix 2.bak12 already exists, incrementing by 1 (see maxNumberOfBackUps)
       chapters/appendix 2.bak13 already exists, incrementing by 1 (see maxNumberOfBackUps)
       chapters/appendix 2.bak14 already exists, incrementing by 1 (see maxNumberOfBackUps)
       chapters/appendix 2.bak15 already exists, incrementing by 1 (see maxNumberOfBackUps)
       chapters/appendix 2.bak16 already exists, incrementing by 1 (see maxNumberOfBackUps)
       chapters/appendix 2.bak17 already exists, incrementing by 1 (see maxNumberOfBackUps)
       chapters/appendix 2.bak18 already exists, incrementing by 1 (see maxNumberOfBackUps)
       chapters/appendix 2.bak19 already exists, incrementing by 1 (see maxNumberOfBackUps)
       chapters/appendix 2.bak20 already exists, incrementing by 1 (see maxNumberOfBackUps)
       chapters/appendix 2.bak21 already exists, incrementing by 1 (see maxNumberOfBackUps)
       chapters/appendix 2.bak22 already exists, incrementing by 1 (see maxNumberOfBackUps)
       chapters/appendix 2.bak23 already exists, incrementing by 1 (see maxNumberOfBackUps)
       chapters/appendix 2.bak24 already exists, incrementing by 1 (see maxNumberOfBackUps)
       chapters/appendix 2.bak25 already exists, incrementing by 1 (see maxNumberOfBackUps)
       chapters/appendix 2.bak26 already exists, incrementing by 1 (see maxNumberOfBackUps)
       chapters/appendix 2.bak27 already exists, incrementing by 1 (see maxNumberOfBackUps)
       chapters/appendix 2.bak28 already exists, incrementing by 1 (see maxNumberOfBackUps)
       chapters/appendix 2.bak29 already exists, incrementing by 1 (see maxNumberOfBackUps)
       chapters/appendix 2.bak30 already exists, incrementing by 1 (see maxNumberOfBackUps)
       chapters/appendix 2.bak31 already exists, incrementing by 1 (see maxNumberOfBackUps)
       chapters/appendix 2.bak32 already exists, incrementing by 1 (see maxNumberOfBackUps)
       chapters/appendix 2.bak33 already exists, incrementing by 1 (see maxNumberOfBackUps)
       chapters/appendix 2.bak34 already exists, incrementing by 1 (see maxNumberOfBackUps)
       chapters/appendix 2.bak35 already exists, incrementing by 1 (see maxNumberOfBackUps)
       chapters/appendix 2.bak36 already exists, incrementing by 1 (see maxNumberOfBackUps)
       chapters/appendix 2.bak37 already exists, incrementing by 1 (see maxNumberOfBackUps)
       chapters/appendix 2.bak38 already exists, incrementing by 1 (see maxNumberOfBackUps)
       chapters/appendix 2.bak39 already exists, incrementing by 1 (see maxNumberOfBackUps)
       chapters/appendix 2.bak40 already exists, incrementing by 1 (see maxNumberOfBackUps)
       chapters/appendix 2.bak41 already exists, incrementing by 1 (see maxNumberOfBackUps)
       chapters/appendix 2.bak42 already exists, incrementing by 1 (see maxNumberOfBackUps)
       chapters/appendix 2.bak43 already exists, incrementing by 1 (see maxNumberOfBackUps)
       chapters/appendix 2.bak44 already exists, incrementing by 1 (see maxNumberOfBackUps)
       chapters/appendix 2.bak45 already exists, incrementing by 1 (see maxNumberOfBackUps)
       chapters/appendix 2.bak46 already exists, incrementing by 1 (see maxNumberOfBackUps)
       chapters/appendix 2.bak47 already exists, incrementing by 1 (see maxNumberOfBackUps)
       chapters/appendix 2.bak48 already exists, incrementing by 1 (see maxNumberOfBackUps)
       chapters/appendix 2.bak49 already exists, incrementing by 1 (see maxNumberOfBackUps)
       chapters/appendix 2.bak50 already exists, incrementing by 1 (see maxNumberOfBackUps)
       chapters/appendix 2.bak51 already exists, incrementing by 1 (see maxNumberOfBackUps)
       chapters/appendix 2.bak52 already exists, incrementing by 1 (see maxNumberOfBackUps)
       chapters/appendix 2.bak53 already exists, incrementing by 1 (see maxNumberOfBackUps)
       chapters/appendix 2.bak54 already exists, incrementing by 1 (see maxNumberOfBackUps)
       chapters/appendix 2.bak55 already exists, incrementing by 1 (see maxNumberOfBackUps)
       chapters/appendix 2.bak56 already exists, incrementing by 1 (see maxNumberOfBackUps)
       chapters/appendix 2.bak57 already exists, incrementing by 1 (see maxNumberOfBackUps)
       chapters/appendix 2.bak58 already exists, incrementing by 1 (see maxNumberOfBackUps)
       chapters/appendix 2.bak59 already exists, incrementing by 1 (see maxNumberOfBackUps)
       chapters/appendix 2.bak60 already exists, incrementing by 1 (see maxNumberOfBackUps)
       chapters/appendix 2.bak61 already exists, incrementing by 1 (see maxNumberOfBackUps)
       chapters/appendix 2.bak62 already exists, incrementing by 1 (see maxNumberOfBackUps)
       chapters/appendix 2.bak63 already exists, incrementing by 1 (see maxNumberOfBackUps)
       chapters/appendix 2.bak64 already exists, incrementing by 1 (see maxNumberOfBackUps)
       chapters/appendix 2.bak65 already exists, incrementing by 1 (see maxNumberOfBackUps)
       chapters/appendix 2.bak66 already exists, incrementing by 1 (see maxNumberOfBackUps)
       chapters/appendix 2.bak67 already exists, incrementing by 1 (see maxNumberOfBackUps)
       chapters/appendix 2.bak68 already exists, incrementing by 1 (see maxNumberOfBackUps)
       chapters/appendix 2.bak69 already exists, incrementing by 1 (see maxNumberOfBackUps)
       chapters/appendix 2.bak70 already exists, incrementing by 1 (see maxNumberOfBackUps)
       chapters/appendix 2.bak71 already exists, incrementing by 1 (see maxNumberOfBackUps)
       chapters/appendix 2.bak72 already exists, incrementing by 1 (see maxNumberOfBackUps)
       chapters/appendix 2.bak73 already exists, incrementing by 1 (see maxNumberOfBackUps)
       chapters/appendix 2.bak74 already exists, incrementing by 1 (see maxNumberOfBackUps)
       chapters/appendix 2.bak75 already exists, incrementing by 1 (see maxNumberOfBackUps)
       Backing up chapters/appendix 2.tex to chapters/appendix 2.bak76...
       chapters/appendix 2.tex will be overwritten after indentation
INFO:  Output routine:
       Overwriting file chapters/appendix 2.tex
INFO:  Filename: chapters/appendix.tex (2 of 14)
INFO:  Backup procedure (-w flag active):
       chapters/appendix.bak0 already exists, incrementing by 1 (see maxNumberOfBackUps)
       chapters/appendix.bak1 already exists, incrementing by 1 (see maxNumberOfBackUps)
       chapters/appendix.bak2 already exists, incrementing by 1 (see maxNumberOfBackUps)
       chapters/appendix.bak3 already exists, incrementing by 1 (see maxNumberOfBackUps)
       chapters/appendix.bak4 already exists, incrementing by 1 (see maxNumberOfBackUps)
       chapters/appendix.bak5 already exists, incrementing by 1 (see maxNumberOfBackUps)
       chapters/appendix.bak6 already exists, incrementing by 1 (see maxNumberOfBackUps)
       chapters/appendix.bak7 already exists, incrementing by 1 (see maxNumberOfBackUps)
       chapters/appendix.bak8 already exists, incrementing by 1 (see maxNumberOfBackUps)
       chapters/appendix.bak9 already exists, incrementing by 1 (see maxNumberOfBackUps)
       chapters/appendix.bak10 already exists, incrementing by 1 (see maxNumberOfBackUps)
       chapters/appendix.bak11 already exists, incrementing by 1 (see maxNumberOfBackUps)
       chapters/appendix.bak12 already exists, incrementing by 1 (see maxNumberOfBackUps)
       chapters/appendix.bak13 already exists, incrementing by 1 (see maxNumberOfBackUps)
       chapters/appendix.bak14 already exists, incrementing by 1 (see maxNumberOfBackUps)
       chapters/appendix.bak15 already exists, incrementing by 1 (see maxNumberOfBackUps)
       chapters/appendix.bak16 already exists, incrementing by 1 (see maxNumberOfBackUps)
       chapters/appendix.bak17 already exists, incrementing by 1 (see maxNumberOfBackUps)
       chapters/appendix.bak18 already exists, incrementing by 1 (see maxNumberOfBackUps)
       chapters/appendix.bak19 already exists, incrementing by 1 (see maxNumberOfBackUps)
       chapters/appendix.bak20 already exists, incrementing by 1 (see maxNumberOfBackUps)
       chapters/appendix.bak21 already exists, incrementing by 1 (see maxNumberOfBackUps)
       chapters/appendix.bak22 already exists, incrementing by 1 (see maxNumberOfBackUps)
       chapters/appendix.bak23 already exists, incrementing by 1 (see maxNumberOfBackUps)
       chapters/appendix.bak24 already exists, incrementing by 1 (see maxNumberOfBackUps)
       chapters/appendix.bak25 already exists, incrementing by 1 (see maxNumberOfBackUps)
       chapters/appendix.bak26 already exists, incrementing by 1 (see maxNumberOfBackUps)
       chapters/appendix.bak27 already exists, incrementing by 1 (see maxNumberOfBackUps)
       chapters/appendix.bak28 already exists, incrementing by 1 (see maxNumberOfBackUps)
       chapters/appendix.bak29 already exists, incrementing by 1 (see maxNumberOfBackUps)
       chapters/appendix.bak30 already exists, incrementing by 1 (see maxNumberOfBackUps)
       chapters/appendix.bak31 already exists, incrementing by 1 (see maxNumberOfBackUps)
       chapters/appendix.bak32 already exists, incrementing by 1 (see maxNumberOfBackUps)
       chapters/appendix.bak33 already exists, incrementing by 1 (see maxNumberOfBackUps)
       chapters/appendix.bak34 already exists, incrementing by 1 (see maxNumberOfBackUps)
       chapters/appendix.bak35 already exists, incrementing by 1 (see maxNumberOfBackUps)
       chapters/appendix.bak36 already exists, incrementing by 1 (see maxNumberOfBackUps)
       chapters/appendix.bak37 already exists, incrementing by 1 (see maxNumberOfBackUps)
       chapters/appendix.bak38 already exists, incrementing by 1 (see maxNumberOfBackUps)
       chapters/appendix.bak39 already exists, incrementing by 1 (see maxNumberOfBackUps)
       chapters/appendix.bak40 already exists, incrementing by 1 (see maxNumberOfBackUps)
       chapters/appendix.bak41 already exists, incrementing by 1 (see maxNumberOfBackUps)
       chapters/appendix.bak42 already exists, incrementing by 1 (see maxNumberOfBackUps)
       chapters/appendix.bak43 already exists, incrementing by 1 (see maxNumberOfBackUps)
       chapters/appendix.bak44 already exists, incrementing by 1 (see maxNumberOfBackUps)
       chapters/appendix.bak45 already exists, incrementing by 1 (see maxNumberOfBackUps)
       chapters/appendix.bak46 already exists, incrementing by 1 (see maxNumberOfBackUps)
       chapters/appendix.bak47 already exists, incrementing by 1 (see maxNumberOfBackUps)
       chapters/appendix.bak48 already exists, incrementing by 1 (see maxNumberOfBackUps)
       chapters/appendix.bak49 already exists, incrementing by 1 (see maxNumberOfBackUps)
       chapters/appendix.bak50 already exists, incrementing by 1 (see maxNumberOfBackUps)
       chapters/appendix.bak51 already exists, incrementing by 1 (see maxNumberOfBackUps)
       chapters/appendix.bak52 already exists, incrementing by 1 (see maxNumberOfBackUps)
       chapters/appendix.bak53 already exists, incrementing by 1 (see maxNumberOfBackUps)
       chapters/appendix.bak54 already exists, incrementing by 1 (see maxNumberOfBackUps)
       chapters/appendix.bak55 already exists, incrementing by 1 (see maxNumberOfBackUps)
       chapters/appendix.bak56 already exists, incrementing by 1 (see maxNumberOfBackUps)
       chapters/appendix.bak57 already exists, incrementing by 1 (see maxNumberOfBackUps)
       chapters/appendix.bak58 already exists, incrementing by 1 (see maxNumberOfBackUps)
       chapters/appendix.bak59 already exists, incrementing by 1 (see maxNumberOfBackUps)
       chapters/appendix.bak60 already exists, incrementing by 1 (see maxNumberOfBackUps)
       chapters/appendix.bak61 already exists, incrementing by 1 (see maxNumberOfBackUps)
       chapters/appendix.bak62 already exists, incrementing by 1 (see maxNumberOfBackUps)
       chapters/appendix.bak63 already exists, incrementing by 1 (see maxNumberOfBackUps)
       chapters/appendix.bak64 already exists, incrementing by 1 (see maxNumberOfBackUps)
       chapters/appendix.bak65 already exists, incrementing by 1 (see maxNumberOfBackUps)
       chapters/appendix.bak66 already exists, incrementing by 1 (see maxNumberOfBackUps)
       chapters/appendix.bak67 already exists, incrementing by 1 (see maxNumberOfBackUps)
       chapters/appendix.bak68 already exists, incrementing by 1 (see maxNumberOfBackUps)
       chapters/appendix.bak69 already exists, incrementing by 1 (see maxNumberOfBackUps)
       chapters/appendix.bak70 already exists, incrementing by 1 (see maxNumberOfBackUps)
       chapters/appendix.bak71 already exists, incrementing by 1 (see maxNumberOfBackUps)
       chapters/appendix.bak72 already exists, incrementing by 1 (see maxNumberOfBackUps)
       chapters/appendix.bak73 already exists, incrementing by 1 (see maxNumberOfBackUps)
       chapters/appendix.bak74 already exists, incrementing by 1 (see maxNumberOfBackUps)
       chapters/appendix.bak75 already exists, incrementing by 1 (see maxNumberOfBackUps)
       Backing up chapters/appendix.tex to chapters/appendix.bak76...
       chapters/appendix.tex will be overwritten after indentation
INFO:  Output routine:
       Overwriting file chapters/appendix.tex
INFO:  Filename: chapters/background.tex (3 of 14)
INFO:  Backup procedure (-w flag active):
       chapters/background.bak0 already exists, incrementing by 1 (see maxNumberOfBackUps)
       chapters/background.bak1 already exists, incrementing by 1 (see maxNumberOfBackUps)
       chapters/background.bak2 already exists, incrementing by 1 (see maxNumberOfBackUps)
       chapters/background.bak3 already exists, incrementing by 1 (see maxNumberOfBackUps)
       chapters/background.bak4 already exists, incrementing by 1 (see maxNumberOfBackUps)
       chapters/background.bak5 already exists, incrementing by 1 (see maxNumberOfBackUps)
       chapters/background.bak6 already exists, incrementing by 1 (see maxNumberOfBackUps)
       chapters/background.bak7 already exists, incrementing by 1 (see maxNumberOfBackUps)
       chapters/background.bak8 already exists, incrementing by 1 (see maxNumberOfBackUps)
       chapters/background.bak9 already exists, incrementing by 1 (see maxNumberOfBackUps)
       chapters/background.bak10 already exists, incrementing by 1 (see maxNumberOfBackUps)
       chapters/background.bak11 already exists, incrementing by 1 (see maxNumberOfBackUps)
       chapters/background.bak12 already exists, incrementing by 1 (see maxNumberOfBackUps)
       chapters/background.bak13 already exists, incrementing by 1 (see maxNumberOfBackUps)
       chapters/background.bak14 already exists, incrementing by 1 (see maxNumberOfBackUps)
       chapters/background.bak15 already exists, incrementing by 1 (see maxNumberOfBackUps)
       chapters/background.bak16 already exists, incrementing by 1 (see maxNumberOfBackUps)
       chapters/background.bak17 already exists, incrementing by 1 (see maxNumberOfBackUps)
       chapters/background.bak18 already exists, incrementing by 1 (see maxNumberOfBackUps)
       chapters/background.bak19 already exists, incrementing by 1 (see maxNumberOfBackUps)
       chapters/background.bak20 already exists, incrementing by 1 (see maxNumberOfBackUps)
       chapters/background.bak21 already exists, incrementing by 1 (see maxNumberOfBackUps)
       chapters/background.bak22 already exists, incrementing by 1 (see maxNumberOfBackUps)
       chapters/background.bak23 already exists, incrementing by 1 (see maxNumberOfBackUps)
       chapters/background.bak24 already exists, incrementing by 1 (see maxNumberOfBackUps)
       chapters/background.bak25 already exists, incrementing by 1 (see maxNumberOfBackUps)
       chapters/background.bak26 already exists, incrementing by 1 (see maxNumberOfBackUps)
       chapters/background.bak27 already exists, incrementing by 1 (see maxNumberOfBackUps)
       chapters/background.bak28 already exists, incrementing by 1 (see maxNumberOfBackUps)
       chapters/background.bak29 already exists, incrementing by 1 (see maxNumberOfBackUps)
       chapters/background.bak30 already exists, incrementing by 1 (see maxNumberOfBackUps)
       chapters/background.bak31 already exists, incrementing by 1 (see maxNumberOfBackUps)
       chapters/background.bak32 already exists, incrementing by 1 (see maxNumberOfBackUps)
       chapters/background.bak33 already exists, incrementing by 1 (see maxNumberOfBackUps)
       chapters/background.bak34 already exists, incrementing by 1 (see maxNumberOfBackUps)
       chapters/background.bak35 already exists, incrementing by 1 (see maxNumberOfBackUps)
       chapters/background.bak36 already exists, incrementing by 1 (see maxNumberOfBackUps)
       chapters/background.bak37 already exists, incrementing by 1 (see maxNumberOfBackUps)
       chapters/background.bak38 already exists, incrementing by 1 (see maxNumberOfBackUps)
       chapters/background.bak39 already exists, incrementing by 1 (see maxNumberOfBackUps)
       chapters/background.bak40 already exists, incrementing by 1 (see maxNumberOfBackUps)
       chapters/background.bak41 already exists, incrementing by 1 (see maxNumberOfBackUps)
       chapters/background.bak42 already exists, incrementing by 1 (see maxNumberOfBackUps)
       chapters/background.bak43 already exists, incrementing by 1 (see maxNumberOfBackUps)
       chapters/background.bak44 already exists, incrementing by 1 (see maxNumberOfBackUps)
       chapters/background.bak45 already exists, incrementing by 1 (see maxNumberOfBackUps)
       chapters/background.bak46 already exists, incrementing by 1 (see maxNumberOfBackUps)
       chapters/background.bak47 already exists, incrementing by 1 (see maxNumberOfBackUps)
       chapters/background.bak48 already exists, incrementing by 1 (see maxNumberOfBackUps)
       chapters/background.bak49 already exists, incrementing by 1 (see maxNumberOfBackUps)
       chapters/background.bak50 already exists, incrementing by 1 (see maxNumberOfBackUps)
       chapters/background.bak51 already exists, incrementing by 1 (see maxNumberOfBackUps)
       chapters/background.bak52 already exists, incrementing by 1 (see maxNumberOfBackUps)
       chapters/background.bak53 already exists, incrementing by 1 (see maxNumberOfBackUps)
       chapters/background.bak54 already exists, incrementing by 1 (see maxNumberOfBackUps)
       chapters/background.bak55 already exists, incrementing by 1 (see maxNumberOfBackUps)
       chapters/background.bak56 already exists, incrementing by 1 (see maxNumberOfBackUps)
       chapters/background.bak57 already exists, incrementing by 1 (see maxNumberOfBackUps)
       chapters/background.bak58 already exists, incrementing by 1 (see maxNumberOfBackUps)
       chapters/background.bak59 already exists, incrementing by 1 (see maxNumberOfBackUps)
       chapters/background.bak60 already exists, incrementing by 1 (see maxNumberOfBackUps)
       chapters/background.bak61 already exists, incrementing by 1 (see maxNumberOfBackUps)
       chapters/background.bak62 already exists, incrementing by 1 (see maxNumberOfBackUps)
       chapters/background.bak63 already exists, incrementing by 1 (see maxNumberOfBackUps)
       chapters/background.bak64 already exists, incrementing by 1 (see maxNumberOfBackUps)
       chapters/background.bak65 already exists, incrementing by 1 (see maxNumberOfBackUps)
       chapters/background.bak66 already exists, incrementing by 1 (see maxNumberOfBackUps)
       chapters/background.bak67 already exists, incrementing by 1 (see maxNumberOfBackUps)
       chapters/background.bak68 already exists, incrementing by 1 (see maxNumberOfBackUps)
       chapters/background.bak69 already exists, incrementing by 1 (see maxNumberOfBackUps)
       chapters/background.bak70 already exists, incrementing by 1 (see maxNumberOfBackUps)
       chapters/background.bak71 already exists, incrementing by 1 (see maxNumberOfBackUps)
       chapters/background.bak72 already exists, incrementing by 1 (see maxNumberOfBackUps)
       chapters/background.bak73 already exists, incrementing by 1 (see maxNumberOfBackUps)
       chapters/background.bak74 already exists, incrementing by 1 (see maxNumberOfBackUps)
       chapters/background.bak75 already exists, incrementing by 1 (see maxNumberOfBackUps)
       Backing up chapters/background.tex to chapters/background.bak76...
       chapters/background.tex will be overwritten after indentation
INFO:  Output routine:
       Overwriting file chapters/background.tex
INFO:  Filename: chapters/conclusion 2.tex (4 of 14)
INFO:  Backup procedure (-w flag active):
       chapters/conclusion 2.bak0 already exists, incrementing by 1 (see maxNumberOfBackUps)
       chapters/conclusion 2.bak1 already exists, incrementing by 1 (see maxNumberOfBackUps)
       chapters/conclusion 2.bak2 already exists, incrementing by 1 (see maxNumberOfBackUps)
       chapters/conclusion 2.bak3 already exists, incrementing by 1 (see maxNumberOfBackUps)
       chapters/conclusion 2.bak4 already exists, incrementing by 1 (see maxNumberOfBackUps)
       chapters/conclusion 2.bak5 already exists, incrementing by 1 (see maxNumberOfBackUps)
       chapters/conclusion 2.bak6 already exists, incrementing by 1 (see maxNumberOfBackUps)
       chapters/conclusion 2.bak7 already exists, incrementing by 1 (see maxNumberOfBackUps)
       chapters/conclusion 2.bak8 already exists, incrementing by 1 (see maxNumberOfBackUps)
       chapters/conclusion 2.bak9 already exists, incrementing by 1 (see maxNumberOfBackUps)
       chapters/conclusion 2.bak10 already exists, incrementing by 1 (see maxNumberOfBackUps)
       chapters/conclusion 2.bak11 already exists, incrementing by 1 (see maxNumberOfBackUps)
       chapters/conclusion 2.bak12 already exists, incrementing by 1 (see maxNumberOfBackUps)
       chapters/conclusion 2.bak13 already exists, incrementing by 1 (see maxNumberOfBackUps)
       chapters/conclusion 2.bak14 already exists, incrementing by 1 (see maxNumberOfBackUps)
       chapters/conclusion 2.bak15 already exists, incrementing by 1 (see maxNumberOfBackUps)
       chapters/conclusion 2.bak16 already exists, incrementing by 1 (see maxNumberOfBackUps)
       chapters/conclusion 2.bak17 already exists, incrementing by 1 (see maxNumberOfBackUps)
       chapters/conclusion 2.bak18 already exists, incrementing by 1 (see maxNumberOfBackUps)
       chapters/conclusion 2.bak19 already exists, incrementing by 1 (see maxNumberOfBackUps)
       chapters/conclusion 2.bak20 already exists, incrementing by 1 (see maxNumberOfBackUps)
       chapters/conclusion 2.bak21 already exists, incrementing by 1 (see maxNumberOfBackUps)
       chapters/conclusion 2.bak22 already exists, incrementing by 1 (see maxNumberOfBackUps)
       chapters/conclusion 2.bak23 already exists, incrementing by 1 (see maxNumberOfBackUps)
       chapters/conclusion 2.bak24 already exists, incrementing by 1 (see maxNumberOfBackUps)
       chapters/conclusion 2.bak25 already exists, incrementing by 1 (see maxNumberOfBackUps)
       chapters/conclusion 2.bak26 already exists, incrementing by 1 (see maxNumberOfBackUps)
       chapters/conclusion 2.bak27 already exists, incrementing by 1 (see maxNumberOfBackUps)
       chapters/conclusion 2.bak28 already exists, incrementing by 1 (see maxNumberOfBackUps)
       chapters/conclusion 2.bak29 already exists, incrementing by 1 (see maxNumberOfBackUps)
       chapters/conclusion 2.bak30 already exists, incrementing by 1 (see maxNumberOfBackUps)
       chapters/conclusion 2.bak31 already exists, incrementing by 1 (see maxNumberOfBackUps)
       chapters/conclusion 2.bak32 already exists, incrementing by 1 (see maxNumberOfBackUps)
       chapters/conclusion 2.bak33 already exists, incrementing by 1 (see maxNumberOfBackUps)
       chapters/conclusion 2.bak34 already exists, incrementing by 1 (see maxNumberOfBackUps)
       chapters/conclusion 2.bak35 already exists, incrementing by 1 (see maxNumberOfBackUps)
       chapters/conclusion 2.bak36 already exists, incrementing by 1 (see maxNumberOfBackUps)
       chapters/conclusion 2.bak37 already exists, incrementing by 1 (see maxNumberOfBackUps)
       chapters/conclusion 2.bak38 already exists, incrementing by 1 (see maxNumberOfBackUps)
       chapters/conclusion 2.bak39 already exists, incrementing by 1 (see maxNumberOfBackUps)
       chapters/conclusion 2.bak40 already exists, incrementing by 1 (see maxNumberOfBackUps)
       chapters/conclusion 2.bak41 already exists, incrementing by 1 (see maxNumberOfBackUps)
       chapters/conclusion 2.bak42 already exists, incrementing by 1 (see maxNumberOfBackUps)
       chapters/conclusion 2.bak43 already exists, incrementing by 1 (see maxNumberOfBackUps)
       chapters/conclusion 2.bak44 already exists, incrementing by 1 (see maxNumberOfBackUps)
       chapters/conclusion 2.bak45 already exists, incrementing by 1 (see maxNumberOfBackUps)
       chapters/conclusion 2.bak46 already exists, incrementing by 1 (see maxNumberOfBackUps)
       chapters/conclusion 2.bak47 already exists, incrementing by 1 (see maxNumberOfBackUps)
       chapters/conclusion 2.bak48 already exists, incrementing by 1 (see maxNumberOfBackUps)
       chapters/conclusion 2.bak49 already exists, incrementing by 1 (see maxNumberOfBackUps)
       chapters/conclusion 2.bak50 already exists, incrementing by 1 (see maxNumberOfBackUps)
       chapters/conclusion 2.bak51 already exists, incrementing by 1 (see maxNumberOfBackUps)
       chapters/conclusion 2.bak52 already exists, incrementing by 1 (see maxNumberOfBackUps)
       chapters/conclusion 2.bak53 already exists, incrementing by 1 (see maxNumberOfBackUps)
       chapters/conclusion 2.bak54 already exists, incrementing by 1 (see maxNumberOfBackUps)
       chapters/conclusion 2.bak55 already exists, incrementing by 1 (see maxNumberOfBackUps)
       chapters/conclusion 2.bak56 already exists, incrementing by 1 (see maxNumberOfBackUps)
       chapters/conclusion 2.bak57 already exists, incrementing by 1 (see maxNumberOfBackUps)
       Backing up chapters/conclusion 2.tex to chapters/conclusion 2.bak58...
       chapters/conclusion 2.tex will be overwritten after indentation
INFO:  Output routine:
       Overwriting file chapters/conclusion 2.tex
INFO:  Filename: chapters/conclusion.tex (5 of 14)
INFO:  Backup procedure (-w flag active):
       chapters/conclusion.bak0 already exists, incrementing by 1 (see maxNumberOfBackUps)
       chapters/conclusion.bak1 already exists, incrementing by 1 (see maxNumberOfBackUps)
       chapters/conclusion.bak2 already exists, incrementing by 1 (see maxNumberOfBackUps)
       chapters/conclusion.bak3 already exists, incrementing by 1 (see maxNumberOfBackUps)
       chapters/conclusion.bak4 already exists, incrementing by 1 (see maxNumberOfBackUps)
       chapters/conclusion.bak5 already exists, incrementing by 1 (see maxNumberOfBackUps)
       chapters/conclusion.bak6 already exists, incrementing by 1 (see maxNumberOfBackUps)
       chapters/conclusion.bak7 already exists, incrementing by 1 (see maxNumberOfBackUps)
       chapters/conclusion.bak8 already exists, incrementing by 1 (see maxNumberOfBackUps)
       chapters/conclusion.bak9 already exists, incrementing by 1 (see maxNumberOfBackUps)
       chapters/conclusion.bak10 already exists, incrementing by 1 (see maxNumberOfBackUps)
       chapters/conclusion.bak11 already exists, incrementing by 1 (see maxNumberOfBackUps)
       chapters/conclusion.bak12 already exists, incrementing by 1 (see maxNumberOfBackUps)
       chapters/conclusion.bak13 already exists, incrementing by 1 (see maxNumberOfBackUps)
       chapters/conclusion.bak14 already exists, incrementing by 1 (see maxNumberOfBackUps)
       chapters/conclusion.bak15 already exists, incrementing by 1 (see maxNumberOfBackUps)
       chapters/conclusion.bak16 already exists, incrementing by 1 (see maxNumberOfBackUps)
       chapters/conclusion.bak17 already exists, incrementing by 1 (see maxNumberOfBackUps)
       chapters/conclusion.bak18 already exists, incrementing by 1 (see maxNumberOfBackUps)
       chapters/conclusion.bak19 already exists, incrementing by 1 (see maxNumberOfBackUps)
       chapters/conclusion.bak20 already exists, incrementing by 1 (see maxNumberOfBackUps)
       chapters/conclusion.bak21 already exists, incrementing by 1 (see maxNumberOfBackUps)
       chapters/conclusion.bak22 already exists, incrementing by 1 (see maxNumberOfBackUps)
       chapters/conclusion.bak23 already exists, incrementing by 1 (see maxNumberOfBackUps)
       chapters/conclusion.bak24 already exists, incrementing by 1 (see maxNumberOfBackUps)
       chapters/conclusion.bak25 already exists, incrementing by 1 (see maxNumberOfBackUps)
       chapters/conclusion.bak26 already exists, incrementing by 1 (see maxNumberOfBackUps)
       chapters/conclusion.bak27 already exists, incrementing by 1 (see maxNumberOfBackUps)
       chapters/conclusion.bak28 already exists, incrementing by 1 (see maxNumberOfBackUps)
       chapters/conclusion.bak29 already exists, incrementing by 1 (see maxNumberOfBackUps)
       chapters/conclusion.bak30 already exists, incrementing by 1 (see maxNumberOfBackUps)
       chapters/conclusion.bak31 already exists, incrementing by 1 (see maxNumberOfBackUps)
       chapters/conclusion.bak32 already exists, incrementing by 1 (see maxNumberOfBackUps)
       chapters/conclusion.bak33 already exists, incrementing by 1 (see maxNumberOfBackUps)
       chapters/conclusion.bak34 already exists, incrementing by 1 (see maxNumberOfBackUps)
       chapters/conclusion.bak35 already exists, incrementing by 1 (see maxNumberOfBackUps)
       chapters/conclusion.bak36 already exists, incrementing by 1 (see maxNumberOfBackUps)
       chapters/conclusion.bak37 already exists, incrementing by 1 (see maxNumberOfBackUps)
       chapters/conclusion.bak38 already exists, incrementing by 1 (see maxNumberOfBackUps)
       chapters/conclusion.bak39 already exists, incrementing by 1 (see maxNumberOfBackUps)
       chapters/conclusion.bak40 already exists, incrementing by 1 (see maxNumberOfBackUps)
       chapters/conclusion.bak41 already exists, incrementing by 1 (see maxNumberOfBackUps)
       chapters/conclusion.bak42 already exists, incrementing by 1 (see maxNumberOfBackUps)
       chapters/conclusion.bak43 already exists, incrementing by 1 (see maxNumberOfBackUps)
       chapters/conclusion.bak44 already exists, incrementing by 1 (see maxNumberOfBackUps)
       chapters/conclusion.bak45 already exists, incrementing by 1 (see maxNumberOfBackUps)
       chapters/conclusion.bak46 already exists, incrementing by 1 (see maxNumberOfBackUps)
       chapters/conclusion.bak47 already exists, incrementing by 1 (see maxNumberOfBackUps)
       chapters/conclusion.bak48 already exists, incrementing by 1 (see maxNumberOfBackUps)
       chapters/conclusion.bak49 already exists, incrementing by 1 (see maxNumberOfBackUps)
       chapters/conclusion.bak50 already exists, incrementing by 1 (see maxNumberOfBackUps)
       chapters/conclusion.bak51 already exists, incrementing by 1 (see maxNumberOfBackUps)
       chapters/conclusion.bak52 already exists, incrementing by 1 (see maxNumberOfBackUps)
       chapters/conclusion.bak53 already exists, incrementing by 1 (see maxNumberOfBackUps)
       chapters/conclusion.bak54 already exists, incrementing by 1 (see maxNumberOfBackUps)
       chapters/conclusion.bak55 already exists, incrementing by 1 (see maxNumberOfBackUps)
       chapters/conclusion.bak56 already exists, incrementing by 1 (see maxNumberOfBackUps)
       chapters/conclusion.bak57 already exists, incrementing by 1 (see maxNumberOfBackUps)
       chapters/conclusion.bak58 already exists, incrementing by 1 (see maxNumberOfBackUps)
       chapters/conclusion.bak59 already exists, incrementing by 1 (see maxNumberOfBackUps)
       chapters/conclusion.bak60 already exists, incrementing by 1 (see maxNumberOfBackUps)
       chapters/conclusion.bak61 already exists, incrementing by 1 (see maxNumberOfBackUps)
       chapters/conclusion.bak62 already exists, incrementing by 1 (see maxNumberOfBackUps)
       chapters/conclusion.bak63 already exists, incrementing by 1 (see maxNumberOfBackUps)
       chapters/conclusion.bak64 already exists, incrementing by 1 (see maxNumberOfBackUps)
       chapters/conclusion.bak65 already exists, incrementing by 1 (see maxNumberOfBackUps)
       chapters/conclusion.bak66 already exists, incrementing by 1 (see maxNumberOfBackUps)
       chapters/conclusion.bak67 already exists, incrementing by 1 (see maxNumberOfBackUps)
       chapters/conclusion.bak68 already exists, incrementing by 1 (see maxNumberOfBackUps)
       chapters/conclusion.bak69 already exists, incrementing by 1 (see maxNumberOfBackUps)
       chapters/conclusion.bak70 already exists, incrementing by 1 (see maxNumberOfBackUps)
       chapters/conclusion.bak71 already exists, incrementing by 1 (see maxNumberOfBackUps)
       chapters/conclusion.bak72 already exists, incrementing by 1 (see maxNumberOfBackUps)
       chapters/conclusion.bak73 already exists, incrementing by 1 (see maxNumberOfBackUps)
       Backing up chapters/conclusion.tex to chapters/conclusion.bak74...
       chapters/conclusion.tex will be overwritten after indentation
INFO:  Output routine:
       Overwriting file chapters/conclusion.tex
INFO:  Filename: chapters/discussion 2.tex (6 of 14)
INFO:  Backup procedure (-w flag active):
       chapters/discussion 2.bak0 already exists, incrementing by 1 (see maxNumberOfBackUps)
       chapters/discussion 2.bak1 already exists, incrementing by 1 (see maxNumberOfBackUps)
       chapters/discussion 2.bak2 already exists, incrementing by 1 (see maxNumberOfBackUps)
       chapters/discussion 2.bak3 already exists, incrementing by 1 (see maxNumberOfBackUps)
       chapters/discussion 2.bak4 already exists, incrementing by 1 (see maxNumberOfBackUps)
       chapters/discussion 2.bak5 already exists, incrementing by 1 (see maxNumberOfBackUps)
       chapters/discussion 2.bak6 already exists, incrementing by 1 (see maxNumberOfBackUps)
       chapters/discussion 2.bak7 already exists, incrementing by 1 (see maxNumberOfBackUps)
       chapters/discussion 2.bak8 already exists, incrementing by 1 (see maxNumberOfBackUps)
       chapters/discussion 2.bak9 already exists, incrementing by 1 (see maxNumberOfBackUps)
       chapters/discussion 2.bak10 already exists, incrementing by 1 (see maxNumberOfBackUps)
       chapters/discussion 2.bak11 already exists, incrementing by 1 (see maxNumberOfBackUps)
       chapters/discussion 2.bak12 already exists, incrementing by 1 (see maxNumberOfBackUps)
       chapters/discussion 2.bak13 already exists, incrementing by 1 (see maxNumberOfBackUps)
       chapters/discussion 2.bak14 already exists, incrementing by 1 (see maxNumberOfBackUps)
       chapters/discussion 2.bak15 already exists, incrementing by 1 (see maxNumberOfBackUps)
       chapters/discussion 2.bak16 already exists, incrementing by 1 (see maxNumberOfBackUps)
       chapters/discussion 2.bak17 already exists, incrementing by 1 (see maxNumberOfBackUps)
       chapters/discussion 2.bak18 already exists, incrementing by 1 (see maxNumberOfBackUps)
       chapters/discussion 2.bak19 already exists, incrementing by 1 (see maxNumberOfBackUps)
       chapters/discussion 2.bak20 already exists, incrementing by 1 (see maxNumberOfBackUps)
       chapters/discussion 2.bak21 already exists, incrementing by 1 (see maxNumberOfBackUps)
       chapters/discussion 2.bak22 already exists, incrementing by 1 (see maxNumberOfBackUps)
       chapters/discussion 2.bak23 already exists, incrementing by 1 (see maxNumberOfBackUps)
       chapters/discussion 2.bak24 already exists, incrementing by 1 (see maxNumberOfBackUps)
       chapters/discussion 2.bak25 already exists, incrementing by 1 (see maxNumberOfBackUps)
       chapters/discussion 2.bak26 already exists, incrementing by 1 (see maxNumberOfBackUps)
       chapters/discussion 2.bak27 already exists, incrementing by 1 (see maxNumberOfBackUps)
       chapters/discussion 2.bak28 already exists, incrementing by 1 (see maxNumberOfBackUps)
       chapters/discussion 2.bak29 already exists, incrementing by 1 (see maxNumberOfBackUps)
       chapters/discussion 2.bak30 already exists, incrementing by 1 (see maxNumberOfBackUps)
       chapters/discussion 2.bak31 already exists, incrementing by 1 (see maxNumberOfBackUps)
       chapters/discussion 2.bak32 already exists, incrementing by 1 (see maxNumberOfBackUps)
       chapters/discussion 2.bak33 already exists, incrementing by 1 (see maxNumberOfBackUps)
       chapters/discussion 2.bak34 already exists, incrementing by 1 (see maxNumberOfBackUps)
       chapters/discussion 2.bak35 already exists, incrementing by 1 (see maxNumberOfBackUps)
       chapters/discussion 2.bak36 already exists, incrementing by 1 (see maxNumberOfBackUps)
       chapters/discussion 2.bak37 already exists, incrementing by 1 (see maxNumberOfBackUps)
       chapters/discussion 2.bak38 already exists, incrementing by 1 (see maxNumberOfBackUps)
       chapters/discussion 2.bak39 already exists, incrementing by 1 (see maxNumberOfBackUps)
       chapters/discussion 2.bak40 already exists, incrementing by 1 (see maxNumberOfBackUps)
       chapters/discussion 2.bak41 already exists, incrementing by 1 (see maxNumberOfBackUps)
       chapters/discussion 2.bak42 already exists, incrementing by 1 (see maxNumberOfBackUps)
       chapters/discussion 2.bak43 already exists, incrementing by 1 (see maxNumberOfBackUps)
       chapters/discussion 2.bak44 already exists, incrementing by 1 (see maxNumberOfBackUps)
       chapters/discussion 2.bak45 already exists, incrementing by 1 (see maxNumberOfBackUps)
       chapters/discussion 2.bak46 already exists, incrementing by 1 (see maxNumberOfBackUps)
       chapters/discussion 2.bak47 already exists, incrementing by 1 (see maxNumberOfBackUps)
       chapters/discussion 2.bak48 already exists, incrementing by 1 (see maxNumberOfBackUps)
       chapters/discussion 2.bak49 already exists, incrementing by 1 (see maxNumberOfBackUps)
       chapters/discussion 2.bak50 already exists, incrementing by 1 (see maxNumberOfBackUps)
       chapters/discussion 2.bak51 already exists, incrementing by 1 (see maxNumberOfBackUps)
       chapters/discussion 2.bak52 already exists, incrementing by 1 (see maxNumberOfBackUps)
       chapters/discussion 2.bak53 already exists, incrementing by 1 (see maxNumberOfBackUps)
       chapters/discussion 2.bak54 already exists, incrementing by 1 (see maxNumberOfBackUps)
       chapters/discussion 2.bak55 already exists, incrementing by 1 (see maxNumberOfBackUps)
       chapters/discussion 2.bak56 already exists, incrementing by 1 (see maxNumberOfBackUps)
       chapters/discussion 2.bak57 already exists, incrementing by 1 (see maxNumberOfBackUps)
       Backing up chapters/discussion 2.tex to chapters/discussion 2.bak58...
       chapters/discussion 2.tex will be overwritten after indentation
INFO:  Output routine:
       Overwriting file chapters/discussion 2.tex
INFO:  Filename: chapters/discussion.tex (7 of 14)
INFO:  Backup procedure (-w flag active):
       chapters/discussion.bak0 already exists, incrementing by 1 (see maxNumberOfBackUps)
       chapters/discussion.bak1 already exists, incrementing by 1 (see maxNumberOfBackUps)
       chapters/discussion.bak2 already exists, incrementing by 1 (see maxNumberOfBackUps)
       chapters/discussion.bak3 already exists, incrementing by 1 (see maxNumberOfBackUps)
       chapters/discussion.bak4 already exists, incrementing by 1 (see maxNumberOfBackUps)
       chapters/discussion.bak5 already exists, incrementing by 1 (see maxNumberOfBackUps)
       chapters/discussion.bak6 already exists, incrementing by 1 (see maxNumberOfBackUps)
       chapters/discussion.bak7 already exists, incrementing by 1 (see maxNumberOfBackUps)
       chapters/discussion.bak8 already exists, incrementing by 1 (see maxNumberOfBackUps)
       chapters/discussion.bak9 already exists, incrementing by 1 (see maxNumberOfBackUps)
       chapters/discussion.bak10 already exists, incrementing by 1 (see maxNumberOfBackUps)
       chapters/discussion.bak11 already exists, incrementing by 1 (see maxNumberOfBackUps)
       chapters/discussion.bak12 already exists, incrementing by 1 (see maxNumberOfBackUps)
       chapters/discussion.bak13 already exists, incrementing by 1 (see maxNumberOfBackUps)
       chapters/discussion.bak14 already exists, incrementing by 1 (see maxNumberOfBackUps)
       chapters/discussion.bak15 already exists, incrementing by 1 (see maxNumberOfBackUps)
       chapters/discussion.bak16 already exists, incrementing by 1 (see maxNumberOfBackUps)
       chapters/discussion.bak17 already exists, incrementing by 1 (see maxNumberOfBackUps)
       chapters/discussion.bak18 already exists, incrementing by 1 (see maxNumberOfBackUps)
       chapters/discussion.bak19 already exists, incrementing by 1 (see maxNumberOfBackUps)
       chapters/discussion.bak20 already exists, incrementing by 1 (see maxNumberOfBackUps)
       chapters/discussion.bak21 already exists, incrementing by 1 (see maxNumberOfBackUps)
       chapters/discussion.bak22 already exists, incrementing by 1 (see maxNumberOfBackUps)
       chapters/discussion.bak23 already exists, incrementing by 1 (see maxNumberOfBackUps)
       chapters/discussion.bak24 already exists, incrementing by 1 (see maxNumberOfBackUps)
       chapters/discussion.bak25 already exists, incrementing by 1 (see maxNumberOfBackUps)
       chapters/discussion.bak26 already exists, incrementing by 1 (see maxNumberOfBackUps)
       chapters/discussion.bak27 already exists, incrementing by 1 (see maxNumberOfBackUps)
       chapters/discussion.bak28 already exists, incrementing by 1 (see maxNumberOfBackUps)
       chapters/discussion.bak29 already exists, incrementing by 1 (see maxNumberOfBackUps)
       chapters/discussion.bak30 already exists, incrementing by 1 (see maxNumberOfBackUps)
       chapters/discussion.bak31 already exists, incrementing by 1 (see maxNumberOfBackUps)
       chapters/discussion.bak32 already exists, incrementing by 1 (see maxNumberOfBackUps)
       chapters/discussion.bak33 already exists, incrementing by 1 (see maxNumberOfBackUps)
       chapters/discussion.bak34 already exists, incrementing by 1 (see maxNumberOfBackUps)
       chapters/discussion.bak35 already exists, incrementing by 1 (see maxNumberOfBackUps)
       chapters/discussion.bak36 already exists, incrementing by 1 (see maxNumberOfBackUps)
       chapters/discussion.bak37 already exists, incrementing by 1 (see maxNumberOfBackUps)
       chapters/discussion.bak38 already exists, incrementing by 1 (see maxNumberOfBackUps)
       chapters/discussion.bak39 already exists, incrementing by 1 (see maxNumberOfBackUps)
       chapters/discussion.bak40 already exists, incrementing by 1 (see maxNumberOfBackUps)
       chapters/discussion.bak41 already exists, incrementing by 1 (see maxNumberOfBackUps)
       chapters/discussion.bak42 already exists, incrementing by 1 (see maxNumberOfBackUps)
       chapters/discussion.bak43 already exists, incrementing by 1 (see maxNumberOfBackUps)
       chapters/discussion.bak44 already exists, incrementing by 1 (see maxNumberOfBackUps)
       chapters/discussion.bak45 already exists, incrementing by 1 (see maxNumberOfBackUps)
       chapters/discussion.bak46 already exists, incrementing by 1 (see maxNumberOfBackUps)
       chapters/discussion.bak47 already exists, incrementing by 1 (see maxNumberOfBackUps)
       chapters/discussion.bak48 already exists, incrementing by 1 (see maxNumberOfBackUps)
       chapters/discussion.bak49 already exists, incrementing by 1 (see maxNumberOfBackUps)
       chapters/discussion.bak50 already exists, incrementing by 1 (see maxNumberOfBackUps)
       chapters/discussion.bak51 already exists, incrementing by 1 (see maxNumberOfBackUps)
       chapters/discussion.bak52 already exists, incrementing by 1 (see maxNumberOfBackUps)
       chapters/discussion.bak53 already exists, incrementing by 1 (see maxNumberOfBackUps)
       chapters/discussion.bak54 already exists, incrementing by 1 (see maxNumberOfBackUps)
       chapters/discussion.bak55 already exists, incrementing by 1 (see maxNumberOfBackUps)
       chapters/discussion.bak56 already exists, incrementing by 1 (see maxNumberOfBackUps)
       chapters/discussion.bak57 already exists, incrementing by 1 (see maxNumberOfBackUps)
       chapters/discussion.bak58 already exists, incrementing by 1 (see maxNumberOfBackUps)
       chapters/discussion.bak59 already exists, incrementing by 1 (see maxNumberOfBackUps)
       chapters/discussion.bak60 already exists, incrementing by 1 (see maxNumberOfBackUps)
       chapters/discussion.bak61 already exists, incrementing by 1 (see maxNumberOfBackUps)
       chapters/discussion.bak62 already exists, incrementing by 1 (see maxNumberOfBackUps)
       chapters/discussion.bak63 already exists, incrementing by 1 (see maxNumberOfBackUps)
       chapters/discussion.bak64 already exists, incrementing by 1 (see maxNumberOfBackUps)
       chapters/discussion.bak65 already exists, incrementing by 1 (see maxNumberOfBackUps)
       chapters/discussion.bak66 already exists, incrementing by 1 (see maxNumberOfBackUps)
       chapters/discussion.bak67 already exists, incrementing by 1 (see maxNumberOfBackUps)
       chapters/discussion.bak68 already exists, incrementing by 1 (see maxNumberOfBackUps)
       chapters/discussion.bak69 already exists, incrementing by 1 (see maxNumberOfBackUps)
       chapters/discussion.bak70 already exists, incrementing by 1 (see maxNumberOfBackUps)
       chapters/discussion.bak71 already exists, incrementing by 1 (see maxNumberOfBackUps)
       chapters/discussion.bak72 already exists, incrementing by 1 (see maxNumberOfBackUps)
       chapters/discussion.bak73 already exists, incrementing by 1 (see maxNumberOfBackUps)
       Backing up chapters/discussion.tex to chapters/discussion.bak74...
       chapters/discussion.tex will be overwritten after indentation
INFO:  Output routine:
       Overwriting file chapters/discussion.tex
INFO:  Filename: chapters/evaluation.tex (8 of 14)
INFO:  Backup procedure (-w flag active):
       chapters/evaluation.bak0 already exists, incrementing by 1 (see maxNumberOfBackUps)
       chapters/evaluation.bak1 already exists, incrementing by 1 (see maxNumberOfBackUps)
       chapters/evaluation.bak2 already exists, incrementing by 1 (see maxNumberOfBackUps)
       chapters/evaluation.bak3 already exists, incrementing by 1 (see maxNumberOfBackUps)
       chapters/evaluation.bak4 already exists, incrementing by 1 (see maxNumberOfBackUps)
       chapters/evaluation.bak5 already exists, incrementing by 1 (see maxNumberOfBackUps)
       chapters/evaluation.bak6 already exists, incrementing by 1 (see maxNumberOfBackUps)
       chapters/evaluation.bak7 already exists, incrementing by 1 (see maxNumberOfBackUps)
       chapters/evaluation.bak8 already exists, incrementing by 1 (see maxNumberOfBackUps)
       chapters/evaluation.bak9 already exists, incrementing by 1 (see maxNumberOfBackUps)
       chapters/evaluation.bak10 already exists, incrementing by 1 (see maxNumberOfBackUps)
       chapters/evaluation.bak11 already exists, incrementing by 1 (see maxNumberOfBackUps)
       chapters/evaluation.bak12 already exists, incrementing by 1 (see maxNumberOfBackUps)
       chapters/evaluation.bak13 already exists, incrementing by 1 (see maxNumberOfBackUps)
       chapters/evaluation.bak14 already exists, incrementing by 1 (see maxNumberOfBackUps)
       chapters/evaluation.bak15 already exists, incrementing by 1 (see maxNumberOfBackUps)
       chapters/evaluation.bak16 already exists, incrementing by 1 (see maxNumberOfBackUps)
       chapters/evaluation.bak17 already exists, incrementing by 1 (see maxNumberOfBackUps)
       chapters/evaluation.bak18 already exists, incrementing by 1 (see maxNumberOfBackUps)
       chapters/evaluation.bak19 already exists, incrementing by 1 (see maxNumberOfBackUps)
       chapters/evaluation.bak20 already exists, incrementing by 1 (see maxNumberOfBackUps)
       chapters/evaluation.bak21 already exists, incrementing by 1 (see maxNumberOfBackUps)
       chapters/evaluation.bak22 already exists, incrementing by 1 (see maxNumberOfBackUps)
       chapters/evaluation.bak23 already exists, incrementing by 1 (see maxNumberOfBackUps)
       chapters/evaluation.bak24 already exists, incrementing by 1 (see maxNumberOfBackUps)
       chapters/evaluation.bak25 already exists, incrementing by 1 (see maxNumberOfBackUps)
       chapters/evaluation.bak26 already exists, incrementing by 1 (see maxNumberOfBackUps)
       chapters/evaluation.bak27 already exists, incrementing by 1 (see maxNumberOfBackUps)
       chapters/evaluation.bak28 already exists, incrementing by 1 (see maxNumberOfBackUps)
       chapters/evaluation.bak29 already exists, incrementing by 1 (see maxNumberOfBackUps)
       chapters/evaluation.bak30 already exists, incrementing by 1 (see maxNumberOfBackUps)
       chapters/evaluation.bak31 already exists, incrementing by 1 (see maxNumberOfBackUps)
       chapters/evaluation.bak32 already exists, incrementing by 1 (see maxNumberOfBackUps)
       chapters/evaluation.bak33 already exists, incrementing by 1 (see maxNumberOfBackUps)
       chapters/evaluation.bak34 already exists, incrementing by 1 (see maxNumberOfBackUps)
       chapters/evaluation.bak35 already exists, incrementing by 1 (see maxNumberOfBackUps)
       chapters/evaluation.bak36 already exists, incrementing by 1 (see maxNumberOfBackUps)
       chapters/evaluation.bak37 already exists, incrementing by 1 (see maxNumberOfBackUps)
       chapters/evaluation.bak38 already exists, incrementing by 1 (see maxNumberOfBackUps)
       chapters/evaluation.bak39 already exists, incrementing by 1 (see maxNumberOfBackUps)
       chapters/evaluation.bak40 already exists, incrementing by 1 (see maxNumberOfBackUps)
       chapters/evaluation.bak41 already exists, incrementing by 1 (see maxNumberOfBackUps)
       chapters/evaluation.bak42 already exists, incrementing by 1 (see maxNumberOfBackUps)
       chapters/evaluation.bak43 already exists, incrementing by 1 (see maxNumberOfBackUps)
       chapters/evaluation.bak44 already exists, incrementing by 1 (see maxNumberOfBackUps)
       chapters/evaluation.bak45 already exists, incrementing by 1 (see maxNumberOfBackUps)
       chapters/evaluation.bak46 already exists, incrementing by 1 (see maxNumberOfBackUps)
       chapters/evaluation.bak47 already exists, incrementing by 1 (see maxNumberOfBackUps)
       chapters/evaluation.bak48 already exists, incrementing by 1 (see maxNumberOfBackUps)
       chapters/evaluation.bak49 already exists, incrementing by 1 (see maxNumberOfBackUps)
       chapters/evaluation.bak50 already exists, incrementing by 1 (see maxNumberOfBackUps)
       chapters/evaluation.bak51 already exists, incrementing by 1 (see maxNumberOfBackUps)
       chapters/evaluation.bak52 already exists, incrementing by 1 (see maxNumberOfBackUps)
       chapters/evaluation.bak53 already exists, incrementing by 1 (see maxNumberOfBackUps)
       chapters/evaluation.bak54 already exists, incrementing by 1 (see maxNumberOfBackUps)
       chapters/evaluation.bak55 already exists, incrementing by 1 (see maxNumberOfBackUps)
       chapters/evaluation.bak56 already exists, incrementing by 1 (see maxNumberOfBackUps)
       chapters/evaluation.bak57 already exists, incrementing by 1 (see maxNumberOfBackUps)
       chapters/evaluation.bak58 already exists, incrementing by 1 (see maxNumberOfBackUps)
       chapters/evaluation.bak59 already exists, incrementing by 1 (see maxNumberOfBackUps)
       chapters/evaluation.bak60 already exists, incrementing by 1 (see maxNumberOfBackUps)
       chapters/evaluation.bak61 already exists, incrementing by 1 (see maxNumberOfBackUps)
       chapters/evaluation.bak62 already exists, incrementing by 1 (see maxNumberOfBackUps)
       chapters/evaluation.bak63 already exists, incrementing by 1 (see maxNumberOfBackUps)
       chapters/evaluation.bak64 already exists, incrementing by 1 (see maxNumberOfBackUps)
       chapters/evaluation.bak65 already exists, incrementing by 1 (see maxNumberOfBackUps)
       chapters/evaluation.bak66 already exists, incrementing by 1 (see maxNumberOfBackUps)
       chapters/evaluation.bak67 already exists, incrementing by 1 (see maxNumberOfBackUps)
       chapters/evaluation.bak68 already exists, incrementing by 1 (see maxNumberOfBackUps)
       chapters/evaluation.bak69 already exists, incrementing by 1 (see maxNumberOfBackUps)
       chapters/evaluation.bak70 already exists, incrementing by 1 (see maxNumberOfBackUps)
       chapters/evaluation.bak71 already exists, incrementing by 1 (see maxNumberOfBackUps)
       chapters/evaluation.bak72 already exists, incrementing by 1 (see maxNumberOfBackUps)
       chapters/evaluation.bak73 already exists, incrementing by 1 (see maxNumberOfBackUps)
       chapters/evaluation.bak74 already exists, incrementing by 1 (see maxNumberOfBackUps)
       chapters/evaluation.bak75 already exists, incrementing by 1 (see maxNumberOfBackUps)
       Backing up chapters/evaluation.tex to chapters/evaluation.bak76...
       chapters/evaluation.tex will be overwritten after indentation
INFO:  Output routine:
       Overwriting file chapters/evaluation.tex
INFO:  Filename: chapters/introduction.tex (9 of 14)
INFO:  Backup procedure (-w flag active):
       chapters/introduction.bak0 already exists, incrementing by 1 (see maxNumberOfBackUps)
       chapters/introduction.bak1 already exists, incrementing by 1 (see maxNumberOfBackUps)
       chapters/introduction.bak2 already exists, incrementing by 1 (see maxNumberOfBackUps)
       chapters/introduction.bak3 already exists, incrementing by 1 (see maxNumberOfBackUps)
       chapters/introduction.bak4 already exists, incrementing by 1 (see maxNumberOfBackUps)
       chapters/introduction.bak5 already exists, incrementing by 1 (see maxNumberOfBackUps)
       chapters/introduction.bak6 already exists, incrementing by 1 (see maxNumberOfBackUps)
       chapters/introduction.bak7 already exists, incrementing by 1 (see maxNumberOfBackUps)
       chapters/introduction.bak8 already exists, incrementing by 1 (see maxNumberOfBackUps)
       chapters/introduction.bak9 already exists, incrementing by 1 (see maxNumberOfBackUps)
       chapters/introduction.bak10 already exists, incrementing by 1 (see maxNumberOfBackUps)
       chapters/introduction.bak11 already exists, incrementing by 1 (see maxNumberOfBackUps)
       chapters/introduction.bak12 already exists, incrementing by 1 (see maxNumberOfBackUps)
       chapters/introduction.bak13 already exists, incrementing by 1 (see maxNumberOfBackUps)
       chapters/introduction.bak14 already exists, incrementing by 1 (see maxNumberOfBackUps)
       chapters/introduction.bak15 already exists, incrementing by 1 (see maxNumberOfBackUps)
       chapters/introduction.bak16 already exists, incrementing by 1 (see maxNumberOfBackUps)
       chapters/introduction.bak17 already exists, incrementing by 1 (see maxNumberOfBackUps)
       chapters/introduction.bak18 already exists, incrementing by 1 (see maxNumberOfBackUps)
       chapters/introduction.bak19 already exists, incrementing by 1 (see maxNumberOfBackUps)
       chapters/introduction.bak20 already exists, incrementing by 1 (see maxNumberOfBackUps)
       chapters/introduction.bak21 already exists, incrementing by 1 (see maxNumberOfBackUps)
       chapters/introduction.bak22 already exists, incrementing by 1 (see maxNumberOfBackUps)
       chapters/introduction.bak23 already exists, incrementing by 1 (see maxNumberOfBackUps)
       chapters/introduction.bak24 already exists, incrementing by 1 (see maxNumberOfBackUps)
       chapters/introduction.bak25 already exists, incrementing by 1 (see maxNumberOfBackUps)
       chapters/introduction.bak26 already exists, incrementing by 1 (see maxNumberOfBackUps)
       chapters/introduction.bak27 already exists, incrementing by 1 (see maxNumberOfBackUps)
       chapters/introduction.bak28 already exists, incrementing by 1 (see maxNumberOfBackUps)
       chapters/introduction.bak29 already exists, incrementing by 1 (see maxNumberOfBackUps)
       chapters/introduction.bak30 already exists, incrementing by 1 (see maxNumberOfBackUps)
       chapters/introduction.bak31 already exists, incrementing by 1 (see maxNumberOfBackUps)
       chapters/introduction.bak32 already exists, incrementing by 1 (see maxNumberOfBackUps)
       chapters/introduction.bak33 already exists, incrementing by 1 (see maxNumberOfBackUps)
       chapters/introduction.bak34 already exists, incrementing by 1 (see maxNumberOfBackUps)
       chapters/introduction.bak35 already exists, incrementing by 1 (see maxNumberOfBackUps)
       chapters/introduction.bak36 already exists, incrementing by 1 (see maxNumberOfBackUps)
       chapters/introduction.bak37 already exists, incrementing by 1 (see maxNumberOfBackUps)
       chapters/introduction.bak38 already exists, incrementing by 1 (see maxNumberOfBackUps)
       chapters/introduction.bak39 already exists, incrementing by 1 (see maxNumberOfBackUps)
       chapters/introduction.bak40 already exists, incrementing by 1 (see maxNumberOfBackUps)
       chapters/introduction.bak41 already exists, incrementing by 1 (see maxNumberOfBackUps)
       chapters/introduction.bak42 already exists, incrementing by 1 (see maxNumberOfBackUps)
       chapters/introduction.bak43 already exists, incrementing by 1 (see maxNumberOfBackUps)
       chapters/introduction.bak44 already exists, incrementing by 1 (see maxNumberOfBackUps)
       chapters/introduction.bak45 already exists, incrementing by 1 (see maxNumberOfBackUps)
       chapters/introduction.bak46 already exists, incrementing by 1 (see maxNumberOfBackUps)
       chapters/introduction.bak47 already exists, incrementing by 1 (see maxNumberOfBackUps)
       chapters/introduction.bak48 already exists, incrementing by 1 (see maxNumberOfBackUps)
       chapters/introduction.bak49 already exists, incrementing by 1 (see maxNumberOfBackUps)
       chapters/introduction.bak50 already exists, incrementing by 1 (see maxNumberOfBackUps)
       chapters/introduction.bak51 already exists, incrementing by 1 (see maxNumberOfBackUps)
       chapters/introduction.bak52 already exists, incrementing by 1 (see maxNumberOfBackUps)
       chapters/introduction.bak53 already exists, incrementing by 1 (see maxNumberOfBackUps)
       chapters/introduction.bak54 already exists, incrementing by 1 (see maxNumberOfBackUps)
       chapters/introduction.bak55 already exists, incrementing by 1 (see maxNumberOfBackUps)
       chapters/introduction.bak56 already exists, incrementing by 1 (see maxNumberOfBackUps)
       chapters/introduction.bak57 already exists, incrementing by 1 (see maxNumberOfBackUps)
       chapters/introduction.bak58 already exists, incrementing by 1 (see maxNumberOfBackUps)
       chapters/introduction.bak59 already exists, incrementing by 1 (see maxNumberOfBackUps)
       chapters/introduction.bak60 already exists, incrementing by 1 (see maxNumberOfBackUps)
       chapters/introduction.bak61 already exists, incrementing by 1 (see maxNumberOfBackUps)
       chapters/introduction.bak62 already exists, incrementing by 1 (see maxNumberOfBackUps)
       chapters/introduction.bak63 already exists, incrementing by 1 (see maxNumberOfBackUps)
       chapters/introduction.bak64 already exists, incrementing by 1 (see maxNumberOfBackUps)
       chapters/introduction.bak65 already exists, incrementing by 1 (see maxNumberOfBackUps)
       chapters/introduction.bak66 already exists, incrementing by 1 (see maxNumberOfBackUps)
       chapters/introduction.bak67 already exists, incrementing by 1 (see maxNumberOfBackUps)
       chapters/introduction.bak68 already exists, incrementing by 1 (see maxNumberOfBackUps)
       chapters/introduction.bak69 already exists, incrementing by 1 (see maxNumberOfBackUps)
       chapters/introduction.bak70 already exists, incrementing by 1 (see maxNumberOfBackUps)
       chapters/introduction.bak71 already exists, incrementing by 1 (see maxNumberOfBackUps)
       chapters/introduction.bak72 already exists, incrementing by 1 (see maxNumberOfBackUps)
       chapters/introduction.bak73 already exists, incrementing by 1 (see maxNumberOfBackUps)
       chapters/introduction.bak74 already exists, incrementing by 1 (see maxNumberOfBackUps)
       chapters/introduction.bak75 already exists, incrementing by 1 (see maxNumberOfBackUps)
       Backing up chapters/introduction.tex to chapters/introduction.bak76...
       chapters/introduction.tex will be overwritten after indentation
INFO:  Output routine:
       Overwriting file chapters/introduction.tex
INFO:  Filename: chapters/modeling.tex (10 of 14)
INFO:  Backup procedure (-w flag active):
       chapters/modeling.bak0 already exists, incrementing by 1 (see maxNumberOfBackUps)
       chapters/modeling.bak1 already exists, incrementing by 1 (see maxNumberOfBackUps)
       chapters/modeling.bak2 already exists, incrementing by 1 (see maxNumberOfBackUps)
       chapters/modeling.bak3 already exists, incrementing by 1 (see maxNumberOfBackUps)
       chapters/modeling.bak4 already exists, incrementing by 1 (see maxNumberOfBackUps)
       chapters/modeling.bak5 already exists, incrementing by 1 (see maxNumberOfBackUps)
       chapters/modeling.bak6 already exists, incrementing by 1 (see maxNumberOfBackUps)
       chapters/modeling.bak7 already exists, incrementing by 1 (see maxNumberOfBackUps)
       chapters/modeling.bak8 already exists, incrementing by 1 (see maxNumberOfBackUps)
       chapters/modeling.bak9 already exists, incrementing by 1 (see maxNumberOfBackUps)
       chapters/modeling.bak10 already exists, incrementing by 1 (see maxNumberOfBackUps)
       chapters/modeling.bak11 already exists, incrementing by 1 (see maxNumberOfBackUps)
       chapters/modeling.bak12 already exists, incrementing by 1 (see maxNumberOfBackUps)
       chapters/modeling.bak13 already exists, incrementing by 1 (see maxNumberOfBackUps)
       chapters/modeling.bak14 already exists, incrementing by 1 (see maxNumberOfBackUps)
       chapters/modeling.bak15 already exists, incrementing by 1 (see maxNumberOfBackUps)
       chapters/modeling.bak16 already exists, incrementing by 1 (see maxNumberOfBackUps)
       chapters/modeling.bak17 already exists, incrementing by 1 (see maxNumberOfBackUps)
       chapters/modeling.bak18 already exists, incrementing by 1 (see maxNumberOfBackUps)
       chapters/modeling.bak19 already exists, incrementing by 1 (see maxNumberOfBackUps)
       chapters/modeling.bak20 already exists, incrementing by 1 (see maxNumberOfBackUps)
       chapters/modeling.bak21 already exists, incrementing by 1 (see maxNumberOfBackUps)
       chapters/modeling.bak22 already exists, incrementing by 1 (see maxNumberOfBackUps)
       chapters/modeling.bak23 already exists, incrementing by 1 (see maxNumberOfBackUps)
       chapters/modeling.bak24 already exists, incrementing by 1 (see maxNumberOfBackUps)
       chapters/modeling.bak25 already exists, incrementing by 1 (see maxNumberOfBackUps)
       chapters/modeling.bak26 already exists, incrementing by 1 (see maxNumberOfBackUps)
       chapters/modeling.bak27 already exists, incrementing by 1 (see maxNumberOfBackUps)
       chapters/modeling.bak28 already exists, incrementing by 1 (see maxNumberOfBackUps)
       chapters/modeling.bak29 already exists, incrementing by 1 (see maxNumberOfBackUps)
       chapters/modeling.bak30 already exists, incrementing by 1 (see maxNumberOfBackUps)
       chapters/modeling.bak31 already exists, incrementing by 1 (see maxNumberOfBackUps)
       chapters/modeling.bak32 already exists, incrementing by 1 (see maxNumberOfBackUps)
       chapters/modeling.bak33 already exists, incrementing by 1 (see maxNumberOfBackUps)
       chapters/modeling.bak34 already exists, incrementing by 1 (see maxNumberOfBackUps)
       chapters/modeling.bak35 already exists, incrementing by 1 (see maxNumberOfBackUps)
       chapters/modeling.bak36 already exists, incrementing by 1 (see maxNumberOfBackUps)
       chapters/modeling.bak37 already exists, incrementing by 1 (see maxNumberOfBackUps)
       chapters/modeling.bak38 already exists, incrementing by 1 (see maxNumberOfBackUps)
       chapters/modeling.bak39 already exists, incrementing by 1 (see maxNumberOfBackUps)
       chapters/modeling.bak40 already exists, incrementing by 1 (see maxNumberOfBackUps)
       chapters/modeling.bak41 already exists, incrementing by 1 (see maxNumberOfBackUps)
       chapters/modeling.bak42 already exists, incrementing by 1 (see maxNumberOfBackUps)
       chapters/modeling.bak43 already exists, incrementing by 1 (see maxNumberOfBackUps)
       chapters/modeling.bak44 already exists, incrementing by 1 (see maxNumberOfBackUps)
       chapters/modeling.bak45 already exists, incrementing by 1 (see maxNumberOfBackUps)
       chapters/modeling.bak46 already exists, incrementing by 1 (see maxNumberOfBackUps)
       chapters/modeling.bak47 already exists, incrementing by 1 (see maxNumberOfBackUps)
       chapters/modeling.bak48 already exists, incrementing by 1 (see maxNumberOfBackUps)
       chapters/modeling.bak49 already exists, incrementing by 1 (see maxNumberOfBackUps)
       chapters/modeling.bak50 already exists, incrementing by 1 (see maxNumberOfBackUps)
       chapters/modeling.bak51 already exists, incrementing by 1 (see maxNumberOfBackUps)
       chapters/modeling.bak52 already exists, incrementing by 1 (see maxNumberOfBackUps)
       chapters/modeling.bak53 already exists, incrementing by 1 (see maxNumberOfBackUps)
       chapters/modeling.bak54 already exists, incrementing by 1 (see maxNumberOfBackUps)
       chapters/modeling.bak55 already exists, incrementing by 1 (see maxNumberOfBackUps)
       chapters/modeling.bak56 already exists, incrementing by 1 (see maxNumberOfBackUps)
       chapters/modeling.bak57 already exists, incrementing by 1 (see maxNumberOfBackUps)
       chapters/modeling.bak58 already exists, incrementing by 1 (see maxNumberOfBackUps)
       chapters/modeling.bak59 already exists, incrementing by 1 (see maxNumberOfBackUps)
       chapters/modeling.bak60 already exists, incrementing by 1 (see maxNumberOfBackUps)
       chapters/modeling.bak61 already exists, incrementing by 1 (see maxNumberOfBackUps)
       chapters/modeling.bak62 already exists, incrementing by 1 (see maxNumberOfBackUps)
       chapters/modeling.bak63 already exists, incrementing by 1 (see maxNumberOfBackUps)
       chapters/modeling.bak64 already exists, incrementing by 1 (see maxNumberOfBackUps)
       chapters/modeling.bak65 already exists, incrementing by 1 (see maxNumberOfBackUps)
       chapters/modeling.bak66 already exists, incrementing by 1 (see maxNumberOfBackUps)
       chapters/modeling.bak67 already exists, incrementing by 1 (see maxNumberOfBackUps)
       chapters/modeling.bak68 already exists, incrementing by 1 (see maxNumberOfBackUps)
       chapters/modeling.bak69 already exists, incrementing by 1 (see maxNumberOfBackUps)
       chapters/modeling.bak70 already exists, incrementing by 1 (see maxNumberOfBackUps)
       chapters/modeling.bak71 already exists, incrementing by 1 (see maxNumberOfBackUps)
       chapters/modeling.bak72 already exists, incrementing by 1 (see maxNumberOfBackUps)
       chapters/modeling.bak73 already exists, incrementing by 1 (see maxNumberOfBackUps)
       chapters/modeling.bak74 already exists, incrementing by 1 (see maxNumberOfBackUps)
       chapters/modeling.bak75 already exists, incrementing by 1 (see maxNumberOfBackUps)
       Backing up chapters/modeling.tex to chapters/modeling.bak76...
       chapters/modeling.tex will be overwritten after indentation
INFO:  Output routine:
       Overwriting file chapters/modeling.tex
INFO:  Filename: chapters/problem_identification.tex (11 of 14)
INFO:  Backup procedure (-w flag active):
       chapters/problem_identification.bak0 already exists, incrementing by 1 (see maxNumberOfBackUps)
       chapters/problem_identification.bak1 already exists, incrementing by 1 (see maxNumberOfBackUps)
       chapters/problem_identification.bak2 already exists, incrementing by 1 (see maxNumberOfBackUps)
       chapters/problem_identification.bak3 already exists, incrementing by 1 (see maxNumberOfBackUps)
       chapters/problem_identification.bak4 already exists, incrementing by 1 (see maxNumberOfBackUps)
       chapters/problem_identification.bak5 already exists, incrementing by 1 (see maxNumberOfBackUps)
       chapters/problem_identification.bak6 already exists, incrementing by 1 (see maxNumberOfBackUps)
       chapters/problem_identification.bak7 already exists, incrementing by 1 (see maxNumberOfBackUps)
       chapters/problem_identification.bak8 already exists, incrementing by 1 (see maxNumberOfBackUps)
       chapters/problem_identification.bak9 already exists, incrementing by 1 (see maxNumberOfBackUps)
       chapters/problem_identification.bak10 already exists, incrementing by 1 (see maxNumberOfBackUps)
       chapters/problem_identification.bak11 already exists, incrementing by 1 (see maxNumberOfBackUps)
       chapters/problem_identification.bak12 already exists, incrementing by 1 (see maxNumberOfBackUps)
       chapters/problem_identification.bak13 already exists, incrementing by 1 (see maxNumberOfBackUps)
       chapters/problem_identification.bak14 already exists, incrementing by 1 (see maxNumberOfBackUps)
       chapters/problem_identification.bak15 already exists, incrementing by 1 (see maxNumberOfBackUps)
       chapters/problem_identification.bak16 already exists, incrementing by 1 (see maxNumberOfBackUps)
       chapters/problem_identification.bak17 already exists, incrementing by 1 (see maxNumberOfBackUps)
       chapters/problem_identification.bak18 already exists, incrementing by 1 (see maxNumberOfBackUps)
       chapters/problem_identification.bak19 already exists, incrementing by 1 (see maxNumberOfBackUps)
       chapters/problem_identification.bak20 already exists, incrementing by 1 (see maxNumberOfBackUps)
       chapters/problem_identification.bak21 already exists, incrementing by 1 (see maxNumberOfBackUps)
       chapters/problem_identification.bak22 already exists, incrementing by 1 (see maxNumberOfBackUps)
       chapters/problem_identification.bak23 already exists, incrementing by 1 (see maxNumberOfBackUps)
       chapters/problem_identification.bak24 already exists, incrementing by 1 (see maxNumberOfBackUps)
       chapters/problem_identification.bak25 already exists, incrementing by 1 (see maxNumberOfBackUps)
       chapters/problem_identification.bak26 already exists, incrementing by 1 (see maxNumberOfBackUps)
       chapters/problem_identification.bak27 already exists, incrementing by 1 (see maxNumberOfBackUps)
       chapters/problem_identification.bak28 already exists, incrementing by 1 (see maxNumberOfBackUps)
       chapters/problem_identification.bak29 already exists, incrementing by 1 (see maxNumberOfBackUps)
       chapters/problem_identification.bak30 already exists, incrementing by 1 (see maxNumberOfBackUps)
       chapters/problem_identification.bak31 already exists, incrementing by 1 (see maxNumberOfBackUps)
       chapters/problem_identification.bak32 already exists, incrementing by 1 (see maxNumberOfBackUps)
       chapters/problem_identification.bak33 already exists, incrementing by 1 (see maxNumberOfBackUps)
       chapters/problem_identification.bak34 already exists, incrementing by 1 (see maxNumberOfBackUps)
       chapters/problem_identification.bak35 already exists, incrementing by 1 (see maxNumberOfBackUps)
       chapters/problem_identification.bak36 already exists, incrementing by 1 (see maxNumberOfBackUps)
       chapters/problem_identification.bak37 already exists, incrementing by 1 (see maxNumberOfBackUps)
       chapters/problem_identification.bak38 already exists, incrementing by 1 (see maxNumberOfBackUps)
       chapters/problem_identification.bak39 already exists, incrementing by 1 (see maxNumberOfBackUps)
       chapters/problem_identification.bak40 already exists, incrementing by 1 (see maxNumberOfBackUps)
       chapters/problem_identification.bak41 already exists, incrementing by 1 (see maxNumberOfBackUps)
       chapters/problem_identification.bak42 already exists, incrementing by 1 (see maxNumberOfBackUps)
       chapters/problem_identification.bak43 already exists, incrementing by 1 (see maxNumberOfBackUps)
       chapters/problem_identification.bak44 already exists, incrementing by 1 (see maxNumberOfBackUps)
       chapters/problem_identification.bak45 already exists, incrementing by 1 (see maxNumberOfBackUps)
       chapters/problem_identification.bak46 already exists, incrementing by 1 (see maxNumberOfBackUps)
       chapters/problem_identification.bak47 already exists, incrementing by 1 (see maxNumberOfBackUps)
       chapters/problem_identification.bak48 already exists, incrementing by 1 (see maxNumberOfBackUps)
       chapters/problem_identification.bak49 already exists, incrementing by 1 (see maxNumberOfBackUps)
       chapters/problem_identification.bak50 already exists, incrementing by 1 (see maxNumberOfBackUps)
       chapters/problem_identification.bak51 already exists, incrementing by 1 (see maxNumberOfBackUps)
       chapters/problem_identification.bak52 already exists, incrementing by 1 (see maxNumberOfBackUps)
       chapters/problem_identification.bak53 already exists, incrementing by 1 (see maxNumberOfBackUps)
       chapters/problem_identification.bak54 already exists, incrementing by 1 (see maxNumberOfBackUps)
       chapters/problem_identification.bak55 already exists, incrementing by 1 (see maxNumberOfBackUps)
       chapters/problem_identification.bak56 already exists, incrementing by 1 (see maxNumberOfBackUps)
       chapters/problem_identification.bak57 already exists, incrementing by 1 (see maxNumberOfBackUps)
       chapters/problem_identification.bak58 already exists, incrementing by 1 (see maxNumberOfBackUps)
       chapters/problem_identification.bak59 already exists, incrementing by 1 (see maxNumberOfBackUps)
       chapters/problem_identification.bak60 already exists, incrementing by 1 (see maxNumberOfBackUps)
       chapters/problem_identification.bak61 already exists, incrementing by 1 (see maxNumberOfBackUps)
       chapters/problem_identification.bak62 already exists, incrementing by 1 (see maxNumberOfBackUps)
       chapters/problem_identification.bak63 already exists, incrementing by 1 (see maxNumberOfBackUps)
       chapters/problem_identification.bak64 already exists, incrementing by 1 (see maxNumberOfBackUps)
       chapters/problem_identification.bak65 already exists, incrementing by 1 (see maxNumberOfBackUps)
       chapters/problem_identification.bak66 already exists, incrementing by 1 (see maxNumberOfBackUps)
       chapters/problem_identification.bak67 already exists, incrementing by 1 (see maxNumberOfBackUps)
       chapters/problem_identification.bak68 already exists, incrementing by 1 (see maxNumberOfBackUps)
       chapters/problem_identification.bak69 already exists, incrementing by 1 (see maxNumberOfBackUps)
       chapters/problem_identification.bak70 already exists, incrementing by 1 (see maxNumberOfBackUps)
       chapters/problem_identification.bak71 already exists, incrementing by 1 (see maxNumberOfBackUps)
       chapters/problem_identification.bak72 already exists, incrementing by 1 (see maxNumberOfBackUps)
       chapters/problem_identification.bak73 already exists, incrementing by 1 (see maxNumberOfBackUps)
       chapters/problem_identification.bak74 already exists, incrementing by 1 (see maxNumberOfBackUps)
       chapters/problem_identification.bak75 already exists, incrementing by 1 (see maxNumberOfBackUps)
       Backing up chapters/problem_identification.tex to chapters/problem_identification.bak76...
       chapters/problem_identification.tex will be overwritten after indentation
INFO:  Output routine:
       Overwriting file chapters/problem_identification.tex
INFO:  Filename: chapters/results 2.tex (12 of 14)
INFO:  Backup procedure (-w flag active):
       chapters/results 2.bak0 already exists, incrementing by 1 (see maxNumberOfBackUps)
       chapters/results 2.bak1 already exists, incrementing by 1 (see maxNumberOfBackUps)
       chapters/results 2.bak2 already exists, incrementing by 1 (see maxNumberOfBackUps)
       chapters/results 2.bak3 already exists, incrementing by 1 (see maxNumberOfBackUps)
       chapters/results 2.bak4 already exists, incrementing by 1 (see maxNumberOfBackUps)
       chapters/results 2.bak5 already exists, incrementing by 1 (see maxNumberOfBackUps)
       chapters/results 2.bak6 already exists, incrementing by 1 (see maxNumberOfBackUps)
       chapters/results 2.bak7 already exists, incrementing by 1 (see maxNumberOfBackUps)
       chapters/results 2.bak8 already exists, incrementing by 1 (see maxNumberOfBackUps)
       chapters/results 2.bak9 already exists, incrementing by 1 (see maxNumberOfBackUps)
       chapters/results 2.bak10 already exists, incrementing by 1 (see maxNumberOfBackUps)
       chapters/results 2.bak11 already exists, incrementing by 1 (see maxNumberOfBackUps)
       chapters/results 2.bak12 already exists, incrementing by 1 (see maxNumberOfBackUps)
       chapters/results 2.bak13 already exists, incrementing by 1 (see maxNumberOfBackUps)
       chapters/results 2.bak14 already exists, incrementing by 1 (see maxNumberOfBackUps)
       chapters/results 2.bak15 already exists, incrementing by 1 (see maxNumberOfBackUps)
       chapters/results 2.bak16 already exists, incrementing by 1 (see maxNumberOfBackUps)
       chapters/results 2.bak17 already exists, incrementing by 1 (see maxNumberOfBackUps)
       chapters/results 2.bak18 already exists, incrementing by 1 (see maxNumberOfBackUps)
       chapters/results 2.bak19 already exists, incrementing by 1 (see maxNumberOfBackUps)
       chapters/results 2.bak20 already exists, incrementing by 1 (see maxNumberOfBackUps)
       chapters/results 2.bak21 already exists, incrementing by 1 (see maxNumberOfBackUps)
       chapters/results 2.bak22 already exists, incrementing by 1 (see maxNumberOfBackUps)
       chapters/results 2.bak23 already exists, incrementing by 1 (see maxNumberOfBackUps)
       chapters/results 2.bak24 already exists, incrementing by 1 (see maxNumberOfBackUps)
       chapters/results 2.bak25 already exists, incrementing by 1 (see maxNumberOfBackUps)
       chapters/results 2.bak26 already exists, incrementing by 1 (see maxNumberOfBackUps)
       chapters/results 2.bak27 already exists, incrementing by 1 (see maxNumberOfBackUps)
       chapters/results 2.bak28 already exists, incrementing by 1 (see maxNumberOfBackUps)
       chapters/results 2.bak29 already exists, incrementing by 1 (see maxNumberOfBackUps)
       chapters/results 2.bak30 already exists, incrementing by 1 (see maxNumberOfBackUps)
       chapters/results 2.bak31 already exists, incrementing by 1 (see maxNumberOfBackUps)
       chapters/results 2.bak32 already exists, incrementing by 1 (see maxNumberOfBackUps)
       chapters/results 2.bak33 already exists, incrementing by 1 (see maxNumberOfBackUps)
       chapters/results 2.bak34 already exists, incrementing by 1 (see maxNumberOfBackUps)
       chapters/results 2.bak35 already exists, incrementing by 1 (see maxNumberOfBackUps)
       chapters/results 2.bak36 already exists, incrementing by 1 (see maxNumberOfBackUps)
       chapters/results 2.bak37 already exists, incrementing by 1 (see maxNumberOfBackUps)
       chapters/results 2.bak38 already exists, incrementing by 1 (see maxNumberOfBackUps)
       chapters/results 2.bak39 already exists, incrementing by 1 (see maxNumberOfBackUps)
       chapters/results 2.bak40 already exists, incrementing by 1 (see maxNumberOfBackUps)
       chapters/results 2.bak41 already exists, incrementing by 1 (see maxNumberOfBackUps)
       chapters/results 2.bak42 already exists, incrementing by 1 (see maxNumberOfBackUps)
       chapters/results 2.bak43 already exists, incrementing by 1 (see maxNumberOfBackUps)
       chapters/results 2.bak44 already exists, incrementing by 1 (see maxNumberOfBackUps)
       chapters/results 2.bak45 already exists, incrementing by 1 (see maxNumberOfBackUps)
       chapters/results 2.bak46 already exists, incrementing by 1 (see maxNumberOfBackUps)
       chapters/results 2.bak47 already exists, incrementing by 1 (see maxNumberOfBackUps)
       chapters/results 2.bak48 already exists, incrementing by 1 (see maxNumberOfBackUps)
       chapters/results 2.bak49 already exists, incrementing by 1 (see maxNumberOfBackUps)
       chapters/results 2.bak50 already exists, incrementing by 1 (see maxNumberOfBackUps)
       chapters/results 2.bak51 already exists, incrementing by 1 (see maxNumberOfBackUps)
       chapters/results 2.bak52 already exists, incrementing by 1 (see maxNumberOfBackUps)
       chapters/results 2.bak53 already exists, incrementing by 1 (see maxNumberOfBackUps)
       chapters/results 2.bak54 already exists, incrementing by 1 (see maxNumberOfBackUps)
       chapters/results 2.bak55 already exists, incrementing by 1 (see maxNumberOfBackUps)
       chapters/results 2.bak56 already exists, incrementing by 1 (see maxNumberOfBackUps)
       chapters/results 2.bak57 already exists, incrementing by 1 (see maxNumberOfBackUps)
       Backing up chapters/results 2.tex to chapters/results 2.bak58...
       chapters/results 2.tex will be overwritten after indentation
INFO:  Output routine:
       Overwriting file chapters/results 2.tex
INFO:  Filename: chapters/results.tex (13 of 14)
INFO:  Backup procedure (-w flag active):
       chapters/results.bak0 already exists, incrementing by 1 (see maxNumberOfBackUps)
       chapters/results.bak1 already exists, incrementing by 1 (see maxNumberOfBackUps)
       chapters/results.bak2 already exists, incrementing by 1 (see maxNumberOfBackUps)
       chapters/results.bak3 already exists, incrementing by 1 (see maxNumberOfBackUps)
       chapters/results.bak4 already exists, incrementing by 1 (see maxNumberOfBackUps)
       chapters/results.bak5 already exists, incrementing by 1 (see maxNumberOfBackUps)
       chapters/results.bak6 already exists, incrementing by 1 (see maxNumberOfBackUps)
       chapters/results.bak7 already exists, incrementing by 1 (see maxNumberOfBackUps)
       chapters/results.bak8 already exists, incrementing by 1 (see maxNumberOfBackUps)
       chapters/results.bak9 already exists, incrementing by 1 (see maxNumberOfBackUps)
       chapters/results.bak10 already exists, incrementing by 1 (see maxNumberOfBackUps)
       chapters/results.bak11 already exists, incrementing by 1 (see maxNumberOfBackUps)
       chapters/results.bak12 already exists, incrementing by 1 (see maxNumberOfBackUps)
       chapters/results.bak13 already exists, incrementing by 1 (see maxNumberOfBackUps)
       chapters/results.bak14 already exists, incrementing by 1 (see maxNumberOfBackUps)
       chapters/results.bak15 already exists, incrementing by 1 (see maxNumberOfBackUps)
       chapters/results.bak16 already exists, incrementing by 1 (see maxNumberOfBackUps)
       chapters/results.bak17 already exists, incrementing by 1 (see maxNumberOfBackUps)
       chapters/results.bak18 already exists, incrementing by 1 (see maxNumberOfBackUps)
       chapters/results.bak19 already exists, incrementing by 1 (see maxNumberOfBackUps)
       chapters/results.bak20 already exists, incrementing by 1 (see maxNumberOfBackUps)
       chapters/results.bak21 already exists, incrementing by 1 (see maxNumberOfBackUps)
       chapters/results.bak22 already exists, incrementing by 1 (see maxNumberOfBackUps)
       chapters/results.bak23 already exists, incrementing by 1 (see maxNumberOfBackUps)
       chapters/results.bak24 already exists, incrementing by 1 (see maxNumberOfBackUps)
       chapters/results.bak25 already exists, incrementing by 1 (see maxNumberOfBackUps)
       chapters/results.bak26 already exists, incrementing by 1 (see maxNumberOfBackUps)
       chapters/results.bak27 already exists, incrementing by 1 (see maxNumberOfBackUps)
       chapters/results.bak28 already exists, incrementing by 1 (see maxNumberOfBackUps)
       chapters/results.bak29 already exists, incrementing by 1 (see maxNumberOfBackUps)
       chapters/results.bak30 already exists, incrementing by 1 (see maxNumberOfBackUps)
       chapters/results.bak31 already exists, incrementing by 1 (see maxNumberOfBackUps)
       chapters/results.bak32 already exists, incrementing by 1 (see maxNumberOfBackUps)
       chapters/results.bak33 already exists, incrementing by 1 (see maxNumberOfBackUps)
       chapters/results.bak34 already exists, incrementing by 1 (see maxNumberOfBackUps)
       chapters/results.bak35 already exists, incrementing by 1 (see maxNumberOfBackUps)
       chapters/results.bak36 already exists, incrementing by 1 (see maxNumberOfBackUps)
       chapters/results.bak37 already exists, incrementing by 1 (see maxNumberOfBackUps)
       chapters/results.bak38 already exists, incrementing by 1 (see maxNumberOfBackUps)
       chapters/results.bak39 already exists, incrementing by 1 (see maxNumberOfBackUps)
       chapters/results.bak40 already exists, incrementing by 1 (see maxNumberOfBackUps)
       chapters/results.bak41 already exists, incrementing by 1 (see maxNumberOfBackUps)
       chapters/results.bak42 already exists, incrementing by 1 (see maxNumberOfBackUps)
       chapters/results.bak43 already exists, incrementing by 1 (see maxNumberOfBackUps)
       chapters/results.bak44 already exists, incrementing by 1 (see maxNumberOfBackUps)
       chapters/results.bak45 already exists, incrementing by 1 (see maxNumberOfBackUps)
       chapters/results.bak46 already exists, incrementing by 1 (see maxNumberOfBackUps)
       chapters/results.bak47 already exists, incrementing by 1 (see maxNumberOfBackUps)
       chapters/results.bak48 already exists, incrementing by 1 (see maxNumberOfBackUps)
       chapters/results.bak49 already exists, incrementing by 1 (see maxNumberOfBackUps)
       chapters/results.bak50 already exists, incrementing by 1 (see maxNumberOfBackUps)
       chapters/results.bak51 already exists, incrementing by 1 (see maxNumberOfBackUps)
       chapters/results.bak52 already exists, incrementing by 1 (see maxNumberOfBackUps)
       chapters/results.bak53 already exists, incrementing by 1 (see maxNumberOfBackUps)
       chapters/results.bak54 already exists, incrementing by 1 (see maxNumberOfBackUps)
       chapters/results.bak55 already exists, incrementing by 1 (see maxNumberOfBackUps)
       chapters/results.bak56 already exists, incrementing by 1 (see maxNumberOfBackUps)
       chapters/results.bak57 already exists, incrementing by 1 (see maxNumberOfBackUps)
       chapters/results.bak58 already exists, incrementing by 1 (see maxNumberOfBackUps)
       chapters/results.bak59 already exists, incrementing by 1 (see maxNumberOfBackUps)
       chapters/results.bak60 already exists, incrementing by 1 (see maxNumberOfBackUps)
       chapters/results.bak61 already exists, incrementing by 1 (see maxNumberOfBackUps)
       chapters/results.bak62 already exists, incrementing by 1 (see maxNumberOfBackUps)
       chapters/results.bak63 already exists, incrementing by 1 (see maxNumberOfBackUps)
       chapters/results.bak64 already exists, incrementing by 1 (see maxNumberOfBackUps)
       chapters/results.bak65 already exists, incrementing by 1 (see maxNumberOfBackUps)
       chapters/results.bak66 already exists, incrementing by 1 (see maxNumberOfBackUps)
       chapters/results.bak67 already exists, incrementing by 1 (see maxNumberOfBackUps)
       chapters/results.bak68 already exists, incrementing by 1 (see maxNumberOfBackUps)
       chapters/results.bak69 already exists, incrementing by 1 (see maxNumberOfBackUps)
       chapters/results.bak70 already exists, incrementing by 1 (see maxNumberOfBackUps)
       chapters/results.bak71 already exists, incrementing by 1 (see maxNumberOfBackUps)
       chapters/results.bak72 already exists, incrementing by 1 (see maxNumberOfBackUps)
       chapters/results.bak73 already exists, incrementing by 1 (see maxNumberOfBackUps)
       Backing up chapters/results.tex to chapters/results.bak74...
       chapters/results.tex will be overwritten after indentation
INFO:  Output routine:
       Overwriting file chapters/results.tex
INFO:  Filename: chapters/theoretical_conception.tex (14 of 14)
INFO:  Backup procedure (-w flag active):
       chapters/theoretical_conception.bak0 already exists, incrementing by 1 (see maxNumberOfBackUps)
       chapters/theoretical_conception.bak1 already exists, incrementing by 1 (see maxNumberOfBackUps)
       chapters/theoretical_conception.bak2 already exists, incrementing by 1 (see maxNumberOfBackUps)
       chapters/theoretical_conception.bak3 already exists, incrementing by 1 (see maxNumberOfBackUps)
       chapters/theoretical_conception.bak4 already exists, incrementing by 1 (see maxNumberOfBackUps)
       chapters/theoretical_conception.bak5 already exists, incrementing by 1 (see maxNumberOfBackUps)
       chapters/theoretical_conception.bak6 already exists, incrementing by 1 (see maxNumberOfBackUps)
       chapters/theoretical_conception.bak7 already exists, incrementing by 1 (see maxNumberOfBackUps)
       chapters/theoretical_conception.bak8 already exists, incrementing by 1 (see maxNumberOfBackUps)
       chapters/theoretical_conception.bak9 already exists, incrementing by 1 (see maxNumberOfBackUps)
       chapters/theoretical_conception.bak10 already exists, incrementing by 1 (see maxNumberOfBackUps)
       chapters/theoretical_conception.bak11 already exists, incrementing by 1 (see maxNumberOfBackUps)
       chapters/theoretical_conception.bak12 already exists, incrementing by 1 (see maxNumberOfBackUps)
       chapters/theoretical_conception.bak13 already exists, incrementing by 1 (see maxNumberOfBackUps)
       chapters/theoretical_conception.bak14 already exists, incrementing by 1 (see maxNumberOfBackUps)
       chapters/theoretical_conception.bak15 already exists, incrementing by 1 (see maxNumberOfBackUps)
       chapters/theoretical_conception.bak16 already exists, incrementing by 1 (see maxNumberOfBackUps)
       chapters/theoretical_conception.bak17 already exists, incrementing by 1 (see maxNumberOfBackUps)
       chapters/theoretical_conception.bak18 already exists, incrementing by 1 (see maxNumberOfBackUps)
       chapters/theoretical_conception.bak19 already exists, incrementing by 1 (see maxNumberOfBackUps)
       chapters/theoretical_conception.bak20 already exists, incrementing by 1 (see maxNumberOfBackUps)
       chapters/theoretical_conception.bak21 already exists, incrementing by 1 (see maxNumberOfBackUps)
       chapters/theoretical_conception.bak22 already exists, incrementing by 1 (see maxNumberOfBackUps)
       chapters/theoretical_conception.bak23 already exists, incrementing by 1 (see maxNumberOfBackUps)
       chapters/theoretical_conception.bak24 already exists, incrementing by 1 (see maxNumberOfBackUps)
       chapters/theoretical_conception.bak25 already exists, incrementing by 1 (see maxNumberOfBackUps)
       chapters/theoretical_conception.bak26 already exists, incrementing by 1 (see maxNumberOfBackUps)
       chapters/theoretical_conception.bak27 already exists, incrementing by 1 (see maxNumberOfBackUps)
       chapters/theoretical_conception.bak28 already exists, incrementing by 1 (see maxNumberOfBackUps)
       chapters/theoretical_conception.bak29 already exists, incrementing by 1 (see maxNumberOfBackUps)
       chapters/theoretical_conception.bak30 already exists, incrementing by 1 (see maxNumberOfBackUps)
       chapters/theoretical_conception.bak31 already exists, incrementing by 1 (see maxNumberOfBackUps)
       chapters/theoretical_conception.bak32 already exists, incrementing by 1 (see maxNumberOfBackUps)
       chapters/theoretical_conception.bak33 already exists, incrementing by 1 (see maxNumberOfBackUps)
       chapters/theoretical_conception.bak34 already exists, incrementing by 1 (see maxNumberOfBackUps)
       chapters/theoretical_conception.bak35 already exists, incrementing by 1 (see maxNumberOfBackUps)
       chapters/theoretical_conception.bak36 already exists, incrementing by 1 (see maxNumberOfBackUps)
       chapters/theoretical_conception.bak37 already exists, incrementing by 1 (see maxNumberOfBackUps)
       chapters/theoretical_conception.bak38 already exists, incrementing by 1 (see maxNumberOfBackUps)
       chapters/theoretical_conception.bak39 already exists, incrementing by 1 (see maxNumberOfBackUps)
       chapters/theoretical_conception.bak40 already exists, incrementing by 1 (see maxNumberOfBackUps)
       chapters/theoretical_conception.bak41 already exists, incrementing by 1 (see maxNumberOfBackUps)
       chapters/theoretical_conception.bak42 already exists, incrementing by 1 (see maxNumberOfBackUps)
       chapters/theoretical_conception.bak43 already exists, incrementing by 1 (see maxNumberOfBackUps)
       chapters/theoretical_conception.bak44 already exists, incrementing by 1 (see maxNumberOfBackUps)
       chapters/theoretical_conception.bak45 already exists, incrementing by 1 (see maxNumberOfBackUps)
       chapters/theoretical_conception.bak46 already exists, incrementing by 1 (see maxNumberOfBackUps)
       chapters/theoretical_conception.bak47 already exists, incrementing by 1 (see maxNumberOfBackUps)
       chapters/theoretical_conception.bak48 already exists, incrementing by 1 (see maxNumberOfBackUps)
       chapters/theoretical_conception.bak49 already exists, incrementing by 1 (see maxNumberOfBackUps)
       chapters/theoretical_conception.bak50 already exists, incrementing by 1 (see maxNumberOfBackUps)
       chapters/theoretical_conception.bak51 already exists, incrementing by 1 (see maxNumberOfBackUps)
       chapters/theoretical_conception.bak52 already exists, incrementing by 1 (see maxNumberOfBackUps)
       chapters/theoretical_conception.bak53 already exists, incrementing by 1 (see maxNumberOfBackUps)
       chapters/theoretical_conception.bak54 already exists, incrementing by 1 (see maxNumberOfBackUps)
       chapters/theoretical_conception.bak55 already exists, incrementing by 1 (see maxNumberOfBackUps)
       chapters/theoretical_conception.bak56 already exists, incrementing by 1 (see maxNumberOfBackUps)
       chapters/theoretical_conception.bak57 already exists, incrementing by 1 (see maxNumberOfBackUps)
       chapters/theoretical_conception.bak58 already exists, incrementing by 1 (see maxNumberOfBackUps)
       chapters/theoretical_conception.bak59 already exists, incrementing by 1 (see maxNumberOfBackUps)
       chapters/theoretical_conception.bak60 already exists, incrementing by 1 (see maxNumberOfBackUps)
       chapters/theoretical_conception.bak61 already exists, incrementing by 1 (see maxNumberOfBackUps)
       chapters/theoretical_conception.bak62 already exists, incrementing by 1 (see maxNumberOfBackUps)
       chapters/theoretical_conception.bak63 already exists, incrementing by 1 (see maxNumberOfBackUps)
       chapters/theoretical_conception.bak64 already exists, incrementing by 1 (see maxNumberOfBackUps)
       chapters/theoretical_conception.bak65 already exists, incrementing by 1 (see maxNumberOfBackUps)
       chapters/theoretical_conception.bak66 already exists, incrementing by 1 (see maxNumberOfBackUps)
       chapters/theoretical_conception.bak67 already exists, incrementing by 1 (see maxNumberOfBackUps)
       chapters/theoretical_conception.bak68 already exists, incrementing by 1 (see maxNumberOfBackUps)
       chapters/theoretical_conception.bak69 already exists, incrementing by 1 (see maxNumberOfBackUps)
       chapters/theoretical_conception.bak70 already exists, incrementing by 1 (see maxNumberOfBackUps)
       chapters/theoretical_conception.bak71 already exists, incrementing by 1 (see maxNumberOfBackUps)
       chapters/theoretical_conception.bak72 already exists, incrementing by 1 (see maxNumberOfBackUps)
       chapters/theoretical_conception.bak73 already exists, incrementing by 1 (see maxNumberOfBackUps)
       chapters/theoretical_conception.bak74 already exists, incrementing by 1 (see maxNumberOfBackUps)
       chapters/theoretical_conception.bak75 already exists, incrementing by 1 (see maxNumberOfBackUps)
       Backing up chapters/theoretical_conception.tex to chapters/theoretical_conception.bak76...
       chapters/theoretical_conception.tex will be overwritten after indentation
INFO:  Output routine:
       Overwriting file chapters/theoretical_conception.tex
       --------------
INFO:  Please direct all communication/issues to:
       https://github.com/cmhughes/latexindent.pl
       documentation: https://latexindentpl.readthedocs.io/en/latest/
